[?1049h[?1000h[?1003h[?1015h[?1006h[?25l[?1004h[>25u[?2026$p[?2048$p[?2004h[?7l[?1000h[?1003h[?1015h[?1006h]22;default[1;1H[48;5;16m [0m[1;38;5;203;48;5;16m██████ ██████ ██████ ██  ██ ██████ ██████ █████  ██████[0m[48;5;16m                                                               [0m[48;5;16m [0m
[2;1H[48;5;16m [0m[1;38;5;203;48;5;16m██       ██   ██  ██ ██████ ██  ██ ██     ██  ██ ██    [0m[48;5;16m                                                               [0m[48;5;16m [0m
[3;1H[48;5;16m [0m[1;38;5;203;48;5;16m██████   ██   ██████ ██████ ██████ █████  ██  ██ █████ [0m[48;5;16m                                                               [0m[48;5;16m [0m
[4;1H[48;5;16m [0m[1;38;5;203;48;5;16m    ██   ██   ██  ██ ██  ██ ██     ██     ██  ██ ██    [0m[48;5;16m                                                               [0m[48;5;16m [0m
[5;1H[48;5;16m [0m[1;38;5;203;48;5;16m██████   ██   ██  ██ ██  ██ ██     ██████ █████  ██████[0m[48;5;16m                                                               [0m[48;5;16m [0m
[6;1H[48;5;16m [0m[38;5;255;48;5;16mCHAIN Robinhood Chain[0m[38;5;52;48;5;16m  ·  [0m[38;5;255;48;5;16m[?][0m[38;5;52;48;5;16m  ·  [0m[38;5;255;48;5;16mCLOCK --:--:-- UTC[0m[38;5;52;48;5;16m  ·  [0m[38;5;247;48;5;16mWINDOW 30m00s[0m[48;5;16m                                                [0m[48;5;16m [0m
[7;1H[48;5;16m [0m[38;5;52;48;5;16m──────────────────────────────────────────────────────────────────────────────────────────────────────────────────────[0m[48;5;16m [0m
[8;1H[48;5;16m [0m[38;5;247;48;5;16m[0m[48;5;16m                                                                      [0m[48;5;16m [0m[38;5;52;48;5;16m│[0m[48;5;16m [0m[38;5;247;48;5;16mSELECTED PAIR[0m[48;5;16m                                [0m[48;5;16m [0m
[9;1H[38;5;247;48;5;16m   [0m[38;5;247;48;5;16m TIME UTC  [0m[38;5;247;48;5;16m WALLET      [0m[38;5;247;48;5;16m SOLD       [0m[38;5;247;48;5;16m   [0m[38;5;247;48;5;16m BOUGHT     [0m[38;5;247;48;5;16m GAP    [0m[38;5;247;48;5;16m GRADE  [0m[38;5;247;48;5;16m  [0m[38;5;52;48;5;16m│[0m[48;5;16m [0m[38;5;255;48;5;16m[0m[48;5;16m                                             [0m[48;5;16m [0m
[10;1H[38;5;255;48;5;16m                                                                        [0m[38;5;52;48;5;16m│[0m[48;5;16m [0m[38;5;247;48;5;16mMove with ↑/↓, press Enter to open the pair.[0m[48;5;16m [0m[48;5;16m [0m
[11;1H[38;5;255;48;5;16m                                                                        [0m[38;5;52;48;5;16m│[0m[48;5;16m [0m[38;5;255;48;5;16m[0m[48;5;16m                                             [0m[48;5;16m [0m
[12;1H[38;5;255;48;5;16m                                                                        [0m[38;5;52;48;5;16m│[0m[48;5;16m [0m[38;5;242;48;5;16mEdge A → B: distinct wallets that sold A,[0m[48;5;16m    [0m[48;5;16m [0m
[13;1H[38;5;255;48;5;16m                                                                        [0m[38;5;52;48;5;16m│[0m[48;5;16m [0m[38;5;242;48;5;16mthen bought B within the pairing window. Same[0m[48;5;16m [0m
[14;1H[38;5;255;48;5;16m                                                                        [0m[38;5;52;48;5;16m│[0m[48;5;16m [0m[38;5;242;48;5;16maddress, observed order of trades; not proof[0m[48;5;16m [0m[48;5;16m [0m
[15;1H[38;5;255;48;5;16m                                                                        [0m[38;5;52;48;5;16m│[0m[48;5;16m [0m[38;5;242;48;5;16mof money flow or shared ownership.[0m[48;5;16m           [0m[48;5;16m [0m
[16;1H[38;5;255;48;5;16m                                                                        [0m[38;5;52;48;5;16m│[0m[48;5;16m [0m[48;5;16m                                             [0m[48;5;16m [0m
[17;1H[38;5;255;48;5;16m                                                                        [0m[38;5;52;48;5;16m│[0m[48;5;16m [0m[48;5;16m                                             [0m[48;5;16m [0m
[18;1H[38;5;255;48;5;16m                                                                        [0m[38;5;52;48;5;16m│[0m[48;5;16m [0m[48;5;16m                                             [0m[48;5;16m [0m
[19;1H[38;5;255;48;5;16m                                                                        [0m[38;5;52;48;5;16m│[0m[48;5;16m [0m[48;5;16m                                             [0m[48;5;16m [0m
[20;1H[38;5;255;48;5;16m                                                                        [0m[38;5;52;48;5;16m│[0m[48;5;16m [0m[48;5;16m                                             [0m[48;5;16m [0m
[21;1H[38;5;255;48;5;16m                                                                        [0m[38;5;52;48;5;16m│[0m[48;5;16m [0m[48;5;16m                                             [0m[48;5;16m [0m
[22;1H[38;5;255;48;5;16m                                                                        [0m[38;5;52;48;5;16m│[0m[48;5;16m [0m[48;5;16m                                             [0m[48;5;16m [0m
[23;1H[38;5;255;48;5;16m                                                                        [0m[38;5;52;48;5;16m│[0m[48;5;16m [0m[48;5;16m                                             [0m[48;5;16m [0m
[24;1H[38;5;255;48;5;16m                                                                        [0m[38;5;52;48;5;16m│[0m[48;5;16m [0m[48;5;16m                                             [0m[48;5;16m [0m
[25;1H[38;5;52;48;5;16m────────────────────────────────────────────────────────────────────────────────────────────────────────────────────────[0m
[26;1H[48;5;16m [0m[38;5;247;48;5;16mHOT ROTATIONS · distinct wallets, last 30m00s[0m[48;5;16m                         [0m[48;5;16m [0m[38;5;52;48;5;16m│[0m[48;5;16m [0m[38;5;255;48;5;16m[0m[48;5;16m                                             [0m[48;5;16m [0m
[27;1H[48;5;16m [0m[38;5;242;48;5;16m…[0m[48;5;16m                                                                     [0m[48;5;16m [0m[38;5;52;48;5;16m│[0m[48;5;16m [0m[48;5;16m                                             [0m[48;5;16m [0m
[28;1H[48;5;16m                                                                        [0m[38;5;52;48;5;16m│[0m[48;5;16m [0m[48;5;16m                                             [0m[48;5;16m [0m
[29;1H[48;5;16m                                                                        [0m[38;5;52;48;5;16m│[0m[48;5;16m [0m[38;5;242;48;5;16m▁▁▁▁▁▁▁▁▁▁▁▁▁▁▁▁▁▁▁▁▁▁▁▁▁▁▁▁▁▁▁▁▁▁▁▁▁▁▁▁▁▁▁▁▁[0m[48;5;16m [0m
[30;1H[48;5;16m                                                                        [0m[38;5;52;48;5;16m│[0m[48;5;16m [0m[38;5;255;48;5;16m[0m[48;5;16m                                             [0m[48;5;16m [0m
[31;1H[48;5;16m                                                                        [0m[38;5;52;48;5;16m│[0m[48;5;16m [0m[48;5;16m                                             [0m[48;5;16m [0m
[32;1H[48;5;16m                                                                        [0m[38;5;52;48;5;16m│[0m[48;5;16m [0m[48;5;16m                                             [0m[48;5;16m [0m
[33;1H[48;5;16m                                                                        [0m[38;5;52;48;5;16m│[0m[48;5;16m [0m[48;5;16m                                             [0m[48;5;16m [0m
[34;1H[48;5;16m                                                                        [0m[38;5;52;48;5;16m│[0m[48;5;16m [0m[48;5;16m                                             [0m[48;5;16m [0m
[35;1H[48;5;16m                                                                        [0m[38;5;52;48;5;16m│[0m[48;5;16m [0m[48;5;16m                                             [0m[48;5;16m [0m
[36;1H[48;5;232m [0m[38;5;247;48;5;232m↑/↓ select · Enter open · Esc back · / search · End follow tail · q quit[0m[48;5;232m                                              [0m[48;5;232m [0m[2;5H[8;1H[48;5;16m [0m[38;5;247;48;5;16m[0m[48;5;16m                                                                      [0m[48;5;16m [0m[8;73H[38;5;52;48;5;16m│[0m[48;5;16m [0m[8;75H[38;5;247;48;5;16mSELECTED PAIR[0m[48;5;16m                                [0m[8;120H[48;5;16m [0m
[9;1H[38;5;247;48;5;16m   [0m[38;5;247;48;5;16m TIME UTC  [0m[38;5;247;48;5;16m WALLET      [0m[38;5;247;48;5;16m SOLD       [0m[38;5;247;48;5;16m   [0m[38;5;247;48;5;16m BOUGHT     [0m[38;5;247;48;5;16m GAP    [0m[38;5;247;48;5;16m GRADE  [0m[38;5;247;48;5;16m  [0m[9;73H[38;5;52;48;5;16m│[0m[48;5;16m [0m[9;75H[38;5;255;48;5;16m[0m[48;5;16m                                             [0m[9;120H[48;5;16m [0m
[10;1H[38;5;255;48;5;16m                                                                        [0m[10;73H[38;5;52;48;5;16m│[0m[48;5;16m [0m[10;75H[38;5;247;48;5;16mMove with ↑/↓, press Enter to open the pair.[0m[48;5;16m [0m[10;120H[48;5;16m [0m
[11;1H[38;5;255;48;5;16m                                                                        [0m[11;73H[38;5;52;48;5;16m│[0m[48;5;16m [0m[11;75H[38;5;255;48;5;16m[0m[48;5;16m                                             [0m[11;120H[48;5;16m [0m
[12;1H[38;5;255;48;5;16m                                                                        [0m[12;73H[38;5;52;48;5;16m│[0m[48;5;16m [0m[12;75H[38;5;242;48;5;16mEdge A → B: distinct wallets that sold A,[0m[48;5;16m    [0m[12;120H[48;5;16m [0m
[13;1H[38;5;255;48;5;16m                                                                        [0m[13;73H[38;5;52;48;5;16m│[0m[48;5;16m [0m[13;75H[38;5;242;48;5;16mthen bought B within the pairing window. Same[0m[13;120H[48;5;16m [0m
[14;1H[38;5;255;48;5;16m                                                                        [0m[14;73H[38;5;52;48;5;16m│[0m[48;5;16m [0m[14;75H[38;5;242;48;5;16maddress, observed order of trades; not proof[0m[48;5;16m [0m[14;120H[48;5;16m [0m
[15;1H[38;5;255;48;5;16m                                                                        [0m[15;73H[38;5;52;48;5;16m│[0m[48;5;16m [0m[15;75H[38;5;242;48;5;16mof money flow or shared ownership.[0m[48;5;16m           [0m[15;120H[48;5;16m [0m
[16;1H[38;5;255;48;5;16m                                                                        [0m[16;73H[38;5;52;48;5;16m│[0m[48;5;16m [0m[48;5;16m                                             [0m[48;5;16m [0m
[17;1H[38;5;255;48;5;16m                                                                        [0m[17;73H[38;5;52;48;5;16m│[0m[48;5;16m [0m[48;5;16m                                             [0m[48;5;16m [0m
[18;1H[38;5;255;48;5;16m                                                                        [0m[18;73H[38;5;52;48;5;16m│[0m[48;5;16m [0m[48;5;16m                                             [0m[48;5;16m [0m
[19;1H[38;5;255;48;5;16m                                                                        [0m[19;73H[38;5;52;48;5;16m│[0m[48;5;16m [0m[48;5;16m                                             [0m[48;5;16m [0m
[20;1H[38;5;255;48;5;16m                                                                        [0m[20;73H[38;5;52;48;5;16m│[0m[48;5;16m [0m[48;5;16m                                             [0m[48;5;16m [0m
[21;1H[38;5;255;48;5;16m                                                                        [0m[21;73H[38;5;52;48;5;16m│[0m[48;5;16m [0m[48;5;16m                                             [0m[48;5;16m [0m
[22;1H[38;5;255;48;5;16m                                                                        [0m[22;73H[38;5;52;48;5;16m│[0m[48;5;16m [0m[48;5;16m                                             [0m[48;5;16m [0m
[23;1H[38;5;255;48;5;16m                                                                        [0m[23;73H[38;5;52;48;5;16m│[0m[48;5;16m [0m[48;5;16m                                             [0m[48;5;16m [0m
[24;1H[38;5;255;48;5;16m                                                                        [0m[24;73H[38;5;52;48;5;16m│[0m[48;5;16m [0m[48;5;16m                                             [0m[48;5;16m [0m
[25;1H[38;5;52;48;5;16m────────────────────────────────────────────────────────────────────────────────────────────────────────────────────────[0m
[26;1H[48;5;16m [0m[38;5;247;48;5;16mHOT ROTATIONS · distinct wallets, last 30m00s[0m[48;5;16m                         [0m[48;5;16m [0m[26;73H[38;5;52;48;5;16m│[0m[48;5;16m [0m[26;75H[38;5;255;48;5;16m[0m[48;5;16m                                             [0m[26;120H[48;5;16m [0m
[27;1H[48;5;16m [0m[38;5;242;48;5;16m…[0m[48;5;16m                                                                     [0m[48;5;16m [0m[27;73H[38;5;52;48;5;16m│[0m[48;5;16m [0m[27;75H[48;5;16m                                             [0m[27;120H[48;5;16m [0m
[28;1H[48;5;16m                                                                        [0m[28;73H[38;5;52;48;5;16m│[0m[48;5;16m [0m[28;75H[48;5;16m                                             [0m[28;120H[48;5;16m [0m
[29;1H[48;5;16m                                                                        [0m[29;73H[38;5;52;48;5;16m│[0m[48;5;16m [0m[29;75H[38;5;242;48;5;16m▁▁▁▁▁▁▁▁▁▁▁▁▁▁▁▁▁▁▁▁▁▁▁▁▁▁▁▁▁▁▁▁▁▁▁▁▁▁▁▁▁▁▁▁▁[0m[29;120H[48;5;16m [0m
[30;1H[48;5;16m                                                                        [0m[30;73H[38;5;52;48;5;16m│[0m[48;5;16m [0m[30;75H[38;5;255;48;5;16m[0m[48;5;16m                                             [0m[30;120H[48;5;16m [0m
[31;1H[48;5;16m                                                                        [0m[31;73H[38;5;52;48;5;16m│[0m[48;5;16m [0m[48;5;16m                                             [0m[48;5;16m [0m
[32;1H[48;5;16m                                                                        [0m[32;73H[38;5;52;48;5;16m│[0m[48;5;16m [0m[48;5;16m                                             [0m[48;5;16m [0m
[33;1H[48;5;16m                                                                        [0m[33;73H[38;5;52;48;5;16m│[0m[48;5;16m [0m[48;5;16m                                             [0m[48;5;16m [0m
[34;1H[48;5;16m                                                                        [0m[34;73H[38;5;52;48;5;16m│[0m[48;5;16m [0m[48;5;16m                                             [0m[48;5;16m [0m
[35;1H[48;5;16m                                                                        [0m[35;73H[38;5;52;48;5;16m│[0m[48;5;16m [0m[48;5;16m                                             [0m[48;5;16m [0m[2;5H[1;1H[48;5;16m [0m[1;38;5;203;48;5;16m██████ ██████ ██████ ██  ██ ██████ ██████ █████  ██████[0m[48;5;16m                                                               [0m[48;5;16m [0m
[2;1H[48;5;16m [0m[1;38;5;203;48;5;16m██       ██   ██  ██ ██████ ██  ██ ██     ██  ██ ██    [0m[48;5;16m                                                               [0m[48;5;16m [0m
[3;1H[48;5;16m [0m[1;38;5;203;48;5;16m██████   ██   ██████ ██████ ██████ █████  ██  ██ █████ [0m[48;5;16m                                                               [0m[48;5;16m [0m
[4;1H[48;5;16m [0m[1;38;5;203;48;5;16m    ██   ██   ██  ██ ██  ██ ██     ██     ██  ██ ██    [0m[48;5;16m                                                               [0m[48;5;16m [0m
[5;1H[48;5;16m [0m[1;38;5;203;48;5;16m██████   ██   ██  ██ ██  ██ ██     ██████ █████  ██████[0m[48;5;16m                                                               [0m[48;5;16m [0m
[6;1H[48;5;16m [0m[38;5;255;48;5;16mCHAIN Robinhood Chain[0m[38;5;52;48;5;16m  ·  [0m[38;5;255;48;5;16m[?][0m[38;5;52;48;5;16m  ·  [0m[38;5;255;48;5;16mCLOCK --:--:-- UTC[0m[38;5;52;48;5;16m  ·  [0m[38;5;247;48;5;16mWINDOW 30m00s[0m[48;5;16m                                                [0m[48;5;16m [0m
[7;1H[48;5;16m [0m[38;5;52;48;5;16m──────────────────────────────────────────────────────────────────────────────────────────────────────────────────────[0m[48;5;16m [0m
[8;75H[38;5;247;48;5;16mSELECTED PAIR[0m[48;5;16m                                [0m[8;120H
[9;75H[38;5;255;48;5;16m[0m[48;5;16m                                             [0m[9;120H
[10;75H[38;5;247;48;5;16mMove with ↑/↓, press Enter to open the pair.[0m[48;5;16m [0m[10;120H
[11;75H[38;5;255;48;5;16m[0m[48;5;16m                                             [0m[11;120H
[12;75H[38;5;242;48;5;16mEdge A → B: distinct wallets that sold A,[0m[48;5;16m    [0m[12;120H
[13;75H[38;5;242;48;5;16mthen bought B within the pairing window. Same[0m[13;120H
[14;75H[38;5;242;48;5;16maddress, observed order of trades; not proof[0m[48;5;16m [0m[14;120H
[15;75H[38;5;242;48;5;16mof money flow or shared ownership.[0m[48;5;16m           [0m[15;120H
[26;1H[48;5;16m [0m[38;5;247;48;5;16mHOT ROTATIONS · distinct wallets, last 30m00s[0m[48;5;16m                         [0m[48;5;16m [0m[26;73H
[27;1H[48;5;16m [0m[38;5;242;48;5;16m…[0m[48;5;16m                                                                     [0m[48;5;16m [0m[27;73H
[36;1H[48;5;232m [0m[38;5;247;48;5;232m↑/↓ select · Enter open · Esc back · / search · End follow tail · q quit[0m[48;5;232m                                              [0m[48;5;232m [0m[2;5H[8;1H[48;5;16m [0m[38;5;247;48;5;16m[0m[48;5;16m                                                                      [0m[48;5;16m [0m[8;73H
[9;1H[38;5;247;48;5;232m   [0m[38;5;247;48;5;232m TIME UTC  [0m[38;5;247;48;5;232m WALLET      [0m[38;5;247;48;5;232m SOLD       [0m[38;5;247;48;5;232m   [0m[38;5;247;48;5;232m BOUGHT     [0m[38;5;247;48;5;232m GAP    [0m[38;5;247;48;5;232m GRADE  [0m[38;5;247;48;5;232m  [0m[9;73H
[10;1H[38;5;255;48;5;232m                                                                        [0m[10;73H
[11;1H[38;5;255;48;5;232m                                                                        [0m[11;73H
[12;1H[38;5;255;48;5;232m                                                                        [0m[12;73H
[13;1H[38;5;255;48;5;232m                                                                        [0m[13;73H
[14;1H[38;5;255;48;5;232m                                                                        [0m[14;73H
[15;1H[38;5;255;48;5;232m                                                                        [0m[15;73H
[16;1H[38;5;255;48;5;232m                                                                        [0m[16;73H
[17;1H[38;5;255;48;5;232m                                                                        [0m[17;73H
[18;1H[38;5;255;48;5;232m                                                                        [0m[18;73H
[19;1H[38;5;255;48;5;232m                                                                        [0m[19;73H
[20;1H[38;5;255;48;5;232m                                                                        [0m[20;73H
[21;1H[38;5;255;48;5;232m                                                                        [0m[21;73H
[22;1H[38;5;255;48;5;232m                                                                        [0m[22;73H
[23;1H[38;5;255;48;5;232m                                                                        [0m[23;73H
[24;1H[38;5;255;48;5;232m                                                                        [0m[24;73H
[26;75H[38;5;255;48;5;16m[0m[48;5;16m                                             [0m[26;120H
[27;75H[48;5;16m                                             [0m[27;120H
[28;75H[48;5;16m                                             [0m[28;120H
[29;75H[38;5;242;48;5;16m▁▁▁▁▁▁▁▁▁▁▁▁▁▁▁▁▁▁▁▁▁▁▁▁▁▁▁▁▁▁▁▁▁▁▁▁▁▁▁▁▁▁▁▁▁[0m[29;120H
[30;75H[38;5;255;48;5;16m[0m[48;5;16m                                             [0m[30;120H[2;5H[1;1H[48;5;16m [0m[1;38;5;203;48;5;16m██████ ██████ ██████ ██  ██ ██████ ██████ █████  ██████[0m[48;5;16m                                                               [0m[48;5;16m [0m
[2;1H[48;5;16m [0m[1;38;5;203;48;5;16m██       ██   ██  ██ ██████ ██  ██ ██     ██  ██ ██    [0m[48;5;16m                                                               [0m[48;5;16m [0m
[3;1H[48;5;16m [0m[1;38;5;203;48;5;16m██████   ██   ██████ ██████ ██████ █████  ██  ██ █████ [0m[48;5;16m                                                               [0m[48;5;16m [0m
[4;1H[48;5;16m [0m[1;38;5;203;48;5;16m    ██   ██   ██  ██ ██  ██ ██     ██     ██  ██ ██    [0m[48;5;16m                                                               [0m[48;5;16m [0m
[5;1H[48;5;16m [0m[1;38;5;203;48;5;16m██████   ██   ██  ██ ██  ██ ██     ██████ █████  ██████[0m[48;5;16m                                                               [0m[48;5;16m [0m
[6;1H[48;5;16m [0m[38;5;255;48;5;16mCHAIN Robinhood Chain[0m[38;5;52;48;5;16m  ·  [0m[38;5;255;48;5;16m[?][0m[38;5;52;48;5;16m  ·  [0m[38;5;255;48;5;16mCLOCK --:--:-- UTC[0m[38;5;52;48;5;16m  ·  [0m[38;5;247;48;5;16mWINDOW 30m00s[0m[48;5;16m                                                [0m[48;5;16m [0m
[7;1H[48;5;16m [0m[38;5;52;48;5;16m──────────────────────────────────────────────────────────────────────────────────────────────────────────────────────[0m[48;5;16m [0m
[8;1H[48;5;16m [0m[38;5;247;48;5;16m[0m[48;5;16m                                                                      [0m[48;5;16m [0m[38;5;52;48;5;16m│[0m[48;5;16m [0m[38;5;247;48;5;16mSELECTED PAIR[0m[48;5;16m                                [0m[48;5;16m [0m
[9;1H[38;5;247;48;5;232m   [0m[38;5;247;48;5;232m TIME UTC  [0m[38;5;247;48;5;232m WALLET      [0m[38;5;247;48;5;232m SOLD       [0m[38;5;247;48;5;232m   [0m[38;5;247;48;5;232m BOUGHT     [0m[38;5;247;48;5;232m GAP    [0m[38;5;247;48;5;232m GRADE  [0m[38;5;247;48;5;232m  [0m[38;5;52;48;5;16m│[0m[48;5;16m [0m[38;5;255;48;5;16m[0m[48;5;16m                                             [0m[48;5;16m [0m
[10;1H[38;5;255;48;5;232m                                                                        [0m[38;5;52;48;5;16m│[0m[48;5;16m [0m[38;5;247;48;5;16mMove with ↑/↓, press Enter to open the pair.[0m[48;5;16m [0m[48;5;16m [0m
[11;1H[38;5;255;48;5;232m                                                                        [0m[38;5;52;48;5;16m│[0m[48;5;16m [0m[38;5;255;48;5;16m[0m[48;5;16m                                             [0m[48;5;16m [0m
[12;1H[38;5;255;48;5;232m                                                                        [0m[38;5;52;48;5;16m│[0m[48;5;16m [0m[38;5;242;48;5;16mEdge A → B: distinct wallets that sold A,[0m[48;5;16m    [0m[48;5;16m [0m
[13;1H[38;5;255;48;5;232m                                                                        [0m[38;5;52;48;5;16m│[0m[48;5;16m [0m[38;5;242;48;5;16mthen bought B within the pairing window. Same[0m[48;5;16m [0m
[14;1H[38;5;255;48;5;232m                                                                        [0m[38;5;52;48;5;16m│[0m[48;5;16m [0m[38;5;242;48;5;16maddress, observed order of trades; not proof[0m[48;5;16m [0m[48;5;16m [0m
[15;1H[38;5;255;48;5;232m                                                                        [0m[38;5;52;48;5;16m│[0m[48;5;16m [0m[38;5;242;48;5;16mof money flow or shared ownership.[0m[48;5;16m           [0m[48;5;16m [0m
[16;1H[38;5;255;48;5;232m                                                                        [0m[38;5;52;48;5;16m│[0m[48;5;16m [0m[48;5;16m                                             [0m[48;5;16m [0m
[17;1H[38;5;255;48;5;232m                                                                        [0m[38;5;52;48;5;16m│[0m[48;5;16m [0m[48;5;16m                                             [0m[48;5;16m [0m
[18;1H[38;5;255;48;5;232m                                                                        [0m[38;5;52;48;5;16m│[0m[48;5;16m [0m[48;5;16m                                             [0m[48;5;16m [0m
[19;1H[38;5;255;48;5;232m                                                                        [0m[38;5;52;48;5;16m│[0m[48;5;16m [0m[48;5;16m                                             [0m[48;5;16m [0m
[20;1H[38;5;255;48;5;232m                                                                        [0m[38;5;52;48;5;16m│[0m[48;5;16m [0m[48;5;16m                                             [0m[48;5;16m [0m
[21;1H[38;5;255;48;5;232m                                                                        [0m[38;5;52;48;5;16m│[0m[48;5;16m [0m[48;5;16m                                             [0m[48;5;16m [0m
[22;1H[38;5;255;48;5;232m                                                                        [0m[38;5;52;48;5;16m│[0m[48;5;16m [0m[48;5;16m                                             [0m[48;5;16m [0m
[23;1H[38;5;255;48;5;232m                                                                        [0m[38;5;52;48;5;16m│[0m[48;5;16m [0m[48;5;16m                                             [0m[48;5;16m [0m
[24;1H[38;5;255;48;5;232m                                                                        [0m[38;5;52;48;5;16m│[0m[48;5;16m [0m[48;5;16m                                             [0m[48;5;16m [0m
[25;1H[38;5;52;48;5;16m────────────────────────────────────────────────────────────────────────────────────────────────────────────────────────[0m
[26;1H[48;5;16m [0m[38;5;247;48;5;16mHOT ROTATIONS · distinct wallets, last 30m00s[0m[48;5;16m                         [0m[48;5;16m [0m[38;5;52;48;5;16m│[0m[48;5;16m [0m[38;5;255;48;5;16m[0m[48;5;16m                                             [0m[48;5;16m [0m
[27;1H[48;5;16m [0m[38;5;242;48;5;16m…[0m[48;5;16m                                                                     [0m[48;5;16m [0m[38;5;52;48;5;16m│[0m[48;5;16m [0m[48;5;16m                                             [0m[48;5;16m [0m
[28;1H[48;5;16m                                                                        [0m[38;5;52;48;5;16m│[0m[48;5;16m [0m[48;5;16m                                             [0m[48;5;16m [0m
[29;1H[48;5;16m                                                                        [0m[38;5;52;48;5;16m│[0m[48;5;16m [0m[38;5;242;48;5;16m▁▁▁▁▁▁▁▁▁▁▁▁▁▁▁▁▁▁▁▁▁▁▁▁▁▁▁▁▁▁▁▁▁▁▁▁▁▁▁▁▁▁▁▁▁[0m[48;5;16m [0m
[30;1H[48;5;16m                                                                        [0m[38;5;52;48;5;16m│[0m[48;5;16m [0m[38;5;255;48;5;16m[0m[48;5;16m                                             [0m[48;5;16m [0m
[31;1H[48;5;16m                                                                        [0m[38;5;52;48;5;16m│[0m[48;5;16m [0m[48;5;16m                                             [0m[48;5;16m [0m
[32;1H[48;5;16m                                                                        [0m[38;5;52;48;5;16m│[0m[48;5;16m [0m[48;5;16m                                             [0m[48;5;16m [0m
[33;1H[48;5;16m                                                                        [0m[38;5;52;48;5;16m│[0m[48;5;16m [0m[48;5;16m                                             [0m[48;5;16m [0m
[34;1H[48;5;16m                                                                        [0m[38;5;52;48;5;16m│[0m[48;5;16m [0m[48;5;16m                                             [0m[48;5;16m [0m
[35;1H[48;5;16m                                                                        [0m[38;5;52;48;5;16m│[0m[48;5;16m [0m[48;5;16m                                             [0m[48;5;16m [0m
[36;1H[48;5;232m [0m[38;5;247;48;5;232m↑/↓ select · Enter open · Esc back · / search · End follow tail · q quit[0m[48;5;232m                                              [0m[48;5;232m [0m[2;5H[6;1H[48;5;16m [0m[38;5;255;48;5;16mCHAIN Robinhood Chain[0m[38;5;52;48;5;16m  ·  [0m[38;5;255;48;5;16m[REPLAY 10× · PAUSED][0m[38;5;52;48;5;16m  ·  [0m[38;5;255;48;5;16mCLOCK 17:26:41 UTC[0m[38;5;52;48;5;16m  ·  [0m[38;5;247;48;5;16mRANGE 16:56:41–17:26:41[0m[38;5;52;48;5;16m  ·  [0m[38;5;247;48;5;16mWINDOW 30m00s[0m[48;5;16m  [0m[48;5;16m [0m
[8;1H[48;5;16m [0m[38;5;247;48;5;16mOBSERVED SEQUENCES · last 30m00s · 5000 of 5000 rows · +4500 new · one[0m[48;5;16m [0m[8;73H
[8;75H[1;38;5;255;48;5;16mPiecoin → TruffleHog[0m[48;5;16m                         [0m[8;120H
[9;1H[38;5;247;48;5;232m   [0m[38;5;247;48;5;232m TIME UTC  [0m[38;5;247;48;5;232m WALLET      [0m[38;5;247;48;5;232m SOLD       [0m[38;5;247;48;5;232m   [0m[38;5;247;48;5;232m BOUGHT     [0m[38;5;247;48;5;232m GAP    [0m[38;5;247;48;5;232m GRADE  [0m[38;5;247;48;5;232m  [0m[9;73H
[9;75H[38;5;247;48;5;16m0x6c36…1a01 → 0x4ad5…7b08[0m[48;5;16m                    [0m[9;120H
[10;1H[38;5;255;48;5;232m [0m[38;5;203;48;5;232m [0m[38;5;255;48;5;232m [0m[38;5;255;48;5;232m [0m[38;5;247;48;5;232m16:56:42≈[0m[38;5;255;48;5;232m [0m[38;5;255;48;5;232m [0m[38;5;247;48;5;232m0xee16…b9ef[0m[38;5;255;48;5;232m [0m[38;5;255;48;5;232m ALTEREGO   [0m[38;5;255;48;5;232m [0m[38;5;247;48;5;232m→[0m[38;5;255;48;5;232m [0m[38;5;255;48;5;232m BUILDING   [0m[38;5;255;48;5;232m [0m[38;5;247;48;5;232m23m16s[0m[38;5;255;48;5;232m [0m[38;5;255;48;5;232m clean  [0m[38;5;255;48;5;232m  [0m[10;73H
[10;75H[38;5;255;48;5;16m[0m[48;5;16m                                             [0m[10;120H
[11;1H[38;5;255;48;5;232m [0m[38;5;203;48;5;232m [0m[38;5;255;48;5;232m [0m[38;5;255;48;5;232m [0m[38;5;247;48;5;232m16:56:42≈[0m[38;5;255;48;5;232m [0m[38;5;255;48;5;232m [0m[38;5;247;48;5;232m0xa6be…4120[0m[38;5;255;48;5;232m [0m[38;5;255;48;5;232m ALTEREGO   [0m[38;5;255;48;5;232m [0m[38;5;247;48;5;232m→[0m[38;5;255;48;5;232m [0m[38;5;255;48;5;232m BUILDING   [0m[38;5;255;48;5;232m [0m[38;5;247;48;5;232m23m16s[0m[38;5;255;48;5;232m [0m[38;5;255;48;5;232m clean  [0m[38;5;255;48;5;232m  [0m[11;73H
[11;75H[38;5;255;48;5;16mwallet 0x9c13…dc8f[0m[48;5;16m                           [0m[11;120H
[12;1H[38;5;255;48;5;232m [0m[38;5;203;48;5;232m [0m[38;5;255;48;5;232m [0m[38;5;255;48;5;232m [0m[38;5;247;48;5;232m16:56:42≈[0m[38;5;255;48;5;232m [0m[38;5;255;48;5;232m [0m[38;5;247;48;5;232m0x2790…38d0[0m[38;5;255;48;5;232m [0m[38;5;255;48;5;232m MARIO      [0m[38;5;255;48;5;232m [0m[38;5;247;48;5;232m→[0m[38;5;255;48;5;232m [0m[38;5;255;48;5;232m FLY        [0m[38;5;255;48;5;232m [0m[38;5;247;48;5;232m9m44s[0m[38;5;255;48;5;232m  [0m[38;5;255;48;5;232m clean  [0m[38;5;255;48;5;232m  [0m[12;73H
[12;75H[38;5;247;48;5;16msold   17:10:08 UTC[0m[48;5;16m                          [0m[12;120H
[13;1H[38;5;255;48;5;232m [0m[38;5;203;48;5;232m [0m[38;5;255;48;5;232m [0m[38;5;255;48;5;232m [0m[38;5;247;48;5;232m16:56:42≈[0m[38;5;255;48;5;232m [0m[38;5;255;48;5;232m [0m[38;5;247;48;5;232m0x53e5…c5dc[0m[38;5;255;48;5;232m [0m[38;5;255;48;5;232m BIP        [0m[38;5;255;48;5;232m [0m[38;5;247;48;5;232m→[0m[38;5;255;48;5;232m [0m[38;5;255;48;5;232m RBNHD      [0m[38;5;255;48;5;232m [0m[38;5;247;48;5;232m3m46s[0m[38;5;255;48;5;232m  [0m[38;5;255;48;5;232m clean  [0m[38;5;255;48;5;232m  [0m[13;73H
[13;75H[38;5;247;48;5;16mbought 17:20:23≈ UTC · gap 10m16s · clean[0m[48;5;16m    [0m[13;120H
[14;1H[38;5;255;48;5;232m [0m[38;5;203;48;5;232m [0m[38;5;255;48;5;232m [0m[38;5;255;48;5;232m [0m[38;5;247;48;5;232m16:56:42≈[0m[38;5;255;48;5;232m [0m[38;5;255;48;5;232m [0m[38;5;247;48;5;232m0x53e5…c5dc[0m[38;5;255;48;5;232m [0m[38;5;255;48;5;232m BIP        [0m[38;5;255;48;5;232m [0m[38;5;247;48;5;232m→[0m[38;5;255;48;5;232m [0m[38;5;255;48;5;232m RBNHD      [0m[38;5;255;48;5;232m [0m[38;5;247;48;5;232m3m46s[0m[38;5;255;48;5;232m  [0m[38;5;255;48;5;232m clean  [0m[38;5;255;48;5;232m  [0m[14;73H
[14;75H[38;5;247;48;5;16msell tx 0xbdca…876c[0m[48;5;16m                          [0m[14;120H
[15;1H[38;5;255;48;5;232m [0m[38;5;203;48;5;232m [0m[38;5;255;48;5;232m [0m[38;5;255;48;5;232m [0m[38;5;247;48;5;232m16:56:42≈[0m[38;5;255;48;5;232m [0m[38;5;255;48;5;232m [0m[38;5;247;48;5;232m0x3ceb…f063[0m[38;5;255;48;5;232m [0m[38;5;255;48;5;232m BIP        [0m[38;5;255;48;5;232m [0m[38;5;247;48;5;232m→[0m[38;5;255;48;5;232m [0m[38;5;255;48;5;232m RBNHD      [0m[38;5;255;48;5;232m [0m[38;5;247;48;5;232m3m46s[0m[38;5;255;48;5;232m  [0m[38;5;255;48;5;232m clean  [0m[38;5;255;48;5;232m  [0m[15;73H
[15;75H[38;5;247;48;5;16mbuy tx  0x783b…cfee[0m[48;5;16m                          [0m[15;120H
[16;1H[38;5;255;48;5;232m [0m[38;5;203;48;5;232m [0m[38;5;255;48;5;232m [0m[38;5;255;48;5;232m [0m[38;5;247;48;5;232m16:56:42≈[0m[38;5;255;48;5;232m [0m[38;5;255;48;5;232m [0m[38;5;247;48;5;232m0x3ceb…f063[0m[38;5;255;48;5;232m [0m[38;5;255;48;5;232m BIP        [0m[38;5;255;48;5;232m [0m[38;5;247;48;5;232m→[0m[38;5;255;48;5;232m [0m[38;5;255;48;5;232m RBNHD      [0m[38;5;255;48;5;232m [0m[38;5;247;48;5;232m3m46s[0m[38;5;255;48;5;232m  [0m[38;5;255;48;5;232m clean  [0m[38;5;255;48;5;232m  [0m[16;73H
[16;75H[38;5;255;48;5;16m[0m[48;5;16m                                             [0m[16;120H
[17;1H[38;5;255;48;5;232m [0m[38;5;203;48;5;232m [0m[38;5;255;48;5;232m [0m[38;5;255;48;5;232m [0m[38;5;247;48;5;232m16:56:42≈[0m[38;5;255;48;5;232m [0m[38;5;255;48;5;232m [0m[38;5;247;48;5;232m0xa13c…ad9d[0m[38;5;255;48;5;232m [0m[38;5;255;48;5;232m BIP        [0m[38;5;255;48;5;232m [0m[38;5;247;48;5;232m→[0m[38;5;255;48;5;232m [0m[38;5;255;48;5;232m RBNHD      [0m[38;5;255;48;5;232m [0m[38;5;247;48;5;232m3m46s[0m[38;5;255;48;5;232m  [0m[38;5;255;48;5;232m clean  [0m[38;5;255;48;5;232m  [0m[17;73H
[17;75H[38;5;242;48;5;16mEnter: all wallets on this pair[0m[48;5;16m              [0m[17;120H
[18;1H[38;5;255;48;5;232m [0m[38;5;203;48;5;232m [0m[38;5;255;48;5;232m [0m[38;5;255;48;5;232m [0m[38;5;247;48;5;232m16:56:42≈[0m[38;5;255;48;5;232m [0m[38;5;255;48;5;232m [0m[38;5;247;48;5;232m0xb899…2115[0m[38;5;255;48;5;232m [0m[38;5;255;48;5;232m BIP        [0m[38;5;255;48;5;232m [0m[38;5;247;48;5;232m→[0m[38;5;255;48;5;232m [0m[38;5;255;48;5;232m RBNHD      [0m[38;5;255;48;5;232m [0m[38;5;247;48;5;232m3m46s[0m[38;5;255;48;5;232m  [0m[38;5;255;48;5;232m clean  [0m[38;5;255;48;5;232m  [0m[18;73H
[19;1H[38;5;255;48;5;232m [0m[38;5;203;48;5;232m [0m[38;5;255;48;5;232m [0m[38;5;255;48;5;232m [0m[38;5;247;48;5;232m16:56:42≈[0m[38;5;255;48;5;232m [0m[38;5;255;48;5;232m [0m[38;5;247;48;5;232m0xb899…2115[0m[38;5;255;48;5;232m [0m[38;5;255;48;5;232m BIP        [0m[38;5;255;48;5;232m [0m[38;5;247;48;5;232m→[0m[38;5;255;48;5;232m [0m[38;5;255;48;5;232m RBNHD      [0m[38;5;255;48;5;232m [0m[38;5;247;48;5;232m3m46s[0m[38;5;255;48;5;232m  [0m[38;5;255;48;5;232m clean  [0m[38;5;255;48;5;232m  [0m[19;73H
[20;1H[38;5;255;48;5;232m [0m[38;5;203;48;5;232m [0m[38;5;255;48;5;232m [0m[38;5;255;48;5;232m [0m[38;5;247;48;5;232m16:56:42≈[0m[38;5;255;48;5;232m [0m[38;5;255;48;5;232m [0m[38;5;247;48;5;232m0x4fc0…642b[0m[38;5;255;48;5;232m [0m[38;5;255;48;5;232m BUILDING   [0m[38;5;255;48;5;232m [0m[38;5;247;48;5;232m→[0m[38;5;255;48;5;232m [0m[38;5;255;48;5;232m RBNHD      [0m[38;5;255;48;5;232m [0m[38;5;247;48;5;232m1m23s[0m[38;5;255;48;5;232m  [0m[38;5;255;48;5;232m clean  [0m[38;5;255;48;5;232m  [0m[20;73H
[21;1H[38;5;255;48;5;232m [0m[38;5;203;48;5;232m [0m[38;5;255;48;5;232m [0m[38;5;255;48;5;232m [0m[38;5;247;48;5;232m16:56:42≈[0m[38;5;255;48;5;232m [0m[38;5;255;48;5;232m [0m[38;5;247;48;5;232m0xc817…2df2[0m[38;5;255;48;5;232m [0m[38;5;255;48;5;232m BUILDING   [0m[38;5;255;48;5;232m [0m[38;5;247;48;5;232m→[0m[38;5;255;48;5;232m [0m[38;5;255;48;5;232m RBNHD      [0m[38;5;255;48;5;232m [0m[38;5;247;48;5;232m1m23s[0m[38;5;255;48;5;232m  [0m[38;5;255;48;5;232m clean  [0m[38;5;255;48;5;232m  [0m[21;73H
[22;1H[38;5;255;48;5;232m [0m[38;5;203;48;5;232m [0m[38;5;255;48;5;232m [0m[38;5;255;48;5;232m [0m[38;5;247;48;5;232m16:56:42≈[0m[38;5;255;48;5;232m [0m[38;5;255;48;5;232m [0m[38;5;247;48;5;232m0xa869…da87[0m[38;5;255;48;5;232m [0m[38;5;255;48;5;232m BUILDING   [0m[38;5;255;48;5;232m [0m[38;5;247;48;5;232m→[0m[38;5;255;48;5;232m [0m[38;5;255;48;5;232m RBNHD      [0m[38;5;255;48;5;232m [0m[38;5;247;48;5;232m1m07s[0m[38;5;255;48;5;232m  [0m[38;5;255;48;5;232m clean  [0m[38;5;255;48;5;232m  [0m[22;73H
[23;1H[38;5;255;48;5;232m [0m[38;5;203;48;5;232m [0m[38;5;255;48;5;232m [0m[38;5;255;48;5;232m [0m[38;5;247;48;5;232m16:56:43≈[0m[38;5;255;48;5;232m [0m[38;5;255;48;5;232m [0m[38;5;247;48;5;232m0xe0be…4d2b[0m[38;5;255;48;5;232m [0m[38;5;255;48;5;232m ALTEREGO   [0m[38;5;255;48;5;232m [0m[38;5;247;48;5;232m→[0m[38;5;255;48;5;232m [0m[38;5;255;48;5;232m BUILDING   [0m[38;5;255;48;5;232m [0m[38;5;247;48;5;232m23m17s[0m[38;5;255;48;5;232m [0m[38;5;255;48;5;232m clean  [0m[38;5;255;48;5;232m  [0m[23;73H
[24;1H[38;5;255;48;5;232m [0m[38;5;203;48;5;232m [0m[38;5;255;48;5;232m [0m[38;5;255;48;5;232m [0m[38;5;247;48;5;232m16:56:43≈[0m[38;5;255;48;5;232m [0m[38;5;255;48;5;232m [0m[38;5;247;48;5;232m0x53e5…c5dc[0m[38;5;255;48;5;232m [0m[38;5;255;48;5;232m BIP        [0m[38;5;255;48;5;232m [0m[38;5;247;48;5;232m→[0m[38;5;255;48;5;232m [0m[38;5;255;48;5;232m RBNHD      [0m[38;5;255;48;5;232m [0m[38;5;247;48;5;232m3m47s[0m[38;5;255;48;5;232m  [0m[38;5;255;48;5;232m clean  [0m[38;5;255;48;5;232m  [0m[24;73H
[26;1H[48;5;16m [0m[38;5;247;48;5;16mHOT ROTATIONS · distinct wallets, last 30m00s[0m[48;5;16m                         [0m[48;5;16m [0m[26;73H
[26;75H[38;5;247;48;5;16mACTIVITY · sequences per 60s bucket · 30[0m[48;5;16m     [0m[26;120H
[27;1H[48;5;16m [0m[1;38;5;255;48;5;16m  54 [0m[38;5;255;48;5;16mPiecoin      → TruffleHog  [0m[38;5;247;48;5;16m  883 seq[0m[48;5;16m                             [0m[48;5;16m [0m[27;73H
[27;75H[38;5;247;48;5;16mbuckets[0m[48;5;16m                                      [0m[27;120H
[28;1H[48;5;16m [0m[1;38;5;255;48;5;16m  37 [0m[38;5;255;48;5;16mPUCHATO      → STEPPER     [0m[38;5;247;48;5;16m  37 seq[0m[48;5;16m                              [0m[48;5;16m [0m[28;73H
[28;75H[38;5;203;48;5;16m▇[0m[38;5;203;48;5;16m▇[0m[38;5;255;48;5;16m [0m[38;5;255;48;5;16m [0m[38;5;255;48;5;16m [0m[38;5;167;48;5;16m▁[0m[38;5;167;48;5;16m▁[0m[38;5;255;48;5;16m [0m[38;5;167;48;5;16m▁[0m[38;5;255;48;5;16m [0m[38;5;255;48;5;16m [0m[38;5;255;48;5;16m [0m[38;5;255;48;5;16m [0m[38;5;255;48;5;16m [0m[38;5;255;48;5;16m [0m[38;5;255;48;5;16m [0m[38;5;255;48;5;16m [0m[38;5;255;48;5;16m [0m[38;5;255;48;5;16m [0m[38;5;255;48;5;16m [0m[38;5;255;48;5;16m [0m[38;5;255;48;5;16m [0m[38;5;167;48;5;16m▂[0m[38;5;167;48;5;16m▄[0m[38;5;167;48;5;16m▄[0m[38;5;167;48;5;16m▁[0m[38;5;203;48;5;16m█[0m[38;5;203;48;5;16m█[0m[38;5;167;48;5;16m▄[0m[38;5;255;48;5;16m [0m[38;5;203;48;5;16m▆[0m[38;5;203;48;5;16m▆[0m[38;5;167;48;5;16m▃[0m[38;5;167;48;5;16m▃[0m[38;5;167;48;5;16m▃[0m[38;5;255;48;5;16m [0m[38;5;255;48;5;16m [0m[38;5;255;48;5;16m [0m[38;5;255;48;5;16m [0m[38;5;255;48;5;16m [0m[38;5;255;48;5;16m [0m[38;5;255;48;5;16m [0m[38;5;255;48;5;16m [0m[38;5;255;48;5;16m [0m[38;5;255;48;5;16m [0m[28;120H
[29;1H[48;5;16m [0m[1;38;5;255;48;5;16m  29 [0m[38;5;255;48;5;16megregore     → credit      [0m[38;5;247;48;5;16m  176 seq[0m[48;5;16m                             [0m[48;5;16m [0m[29;73H
[29;75H[38;5;203;48;5;16m█[0m[38;5;203;48;5;16m█[0m[38;5;167;48;5;16m█[0m[38;5;167;48;5;16m█[0m[38;5;167;48;5;16m█[0m[38;5;167;48;5;16m█[0m[38;5;167;48;5;16m█[0m[38;5;167;48;5;16m▆[0m[38;5;167;48;5;16m█[0m[38;5;167;48;5;16m▇[0m[38;5;167;48;5;16m▇[0m[38;5;131;48;5;16m▅[0m[38;5;131;48;5;16m▂[0m[38;5;131;48;5;16m▂[0m[38;5;167;48;5;16m▇[0m[38;5;167;48;5;16m▇[0m[38;5;131;48;5;16m▃[0m[38;5;167;48;5;16m▇[0m[38;5;167;48;5;16m▇[0m[38;5;167;48;5;16m▇[0m[38;5;167;48;5;16m▇[0m[38;5;167;48;5;16m▇[0m[38;5;167;48;5;16m█[0m[38;5;167;48;5;16m█[0m[38;5;167;48;5;16m█[0m[38;5;167;48;5;16m█[0m[38;5;203;48;5;16m█[0m[38;5;203;48;5;16m█[0m[38;5;167;48;5;16m█[0m[38;5;131;48;5;16m▅[0m[38;5;203;48;5;16m█[0m[38;5;203;48;5;16m█[0m[38;5;167;48;5;16m█[0m[38;5;167;48;5;16m█[0m[38;5;167;48;5;16m█[0m[38;5;131;48;5;16m▂[0m[38;5;255;48;5;16m [0m[38;5;255;48;5;16m [0m[38;5;255;48;5;16m [0m[38;5;255;48;5;16m [0m[38;5;255;48;5;16m [0m[38;5;255;48;5;16m [0m[38;5;255;48;5;16m [0m[38;5;255;48;5;16m [0m[38;5;255;48;5;16m [0m[29;120H
[30;1H[48;5;16m [0m[1;38;5;255;48;5;16m  28 [0m[38;5;255;48;5;16mAUTON        → egregore    [0m[38;5;247;48;5;16m  289 seq[0m[48;5;16m                             [0m[48;5;16m [0m[30;73H
[30;75H[38;5;203;48;5;16m█[0m[38;5;203;48;5;16m█[0m[38;5;167;48;5;16m█[0m[38;5;167;48;5;16m█[0m[38;5;167;48;5;16m█[0m[38;5;167;48;5;16m█[0m[38;5;167;48;5;16m█[0m[38;5;167;48;5;16m█[0m[38;5;167;48;5;16m█[0m[38;5;167;48;5;16m█[0m[38;5;167;48;5;16m█[0m[38;5;131;48;5;16m█[0m[38;5;131;48;5;16m█[0m[38;5;131;48;5;16m█[0m[38;5;167;48;5;16m█[0m[38;5;167;48;5;16m█[0m[38;5;131;48;5;16m█[0m[38;5;167;48;5;16m█[0m[38;5;167;48;5;16m█[0m[38;5;167;48;5;16m█[0m[38;5;167;48;5;16m█[0m[38;5;167;48;5;16m█[0m[38;5;167;48;5;16m█[0m[38;5;167;48;5;16m█[0m[38;5;167;48;5;16m█[0m[38;5;167;48;5;16m█[0m[38;5;203;48;5;16m█[0m[38;5;203;48;5;16m█[0m[38;5;167;48;5;16m█[0m[38;5;131;48;5;16m█[0m[38;5;203;48;5;16m█[0m[38;5;203;48;5;16m█[0m[38;5;167;48;5;16m█[0m[38;5;167;48;5;16m█[0m[38;5;167;48;5;16m█[0m[38;5;131;48;5;16m█[0m[38;5;242;48;5;16m▁[0m[38;5;242;48;5;16m▁[0m[38;5;242;48;5;16m▁[0m[38;5;242;48;5;16m▁[0m[38;5;242;48;5;16m▁[0m[38;5;242;48;5;16m▁[0m[38;5;242;48;5;16m▁[0m[38;5;242;48;5;16m▁[0m[38;5;242;48;5;16m▁[0m[30;120H
[31;1H[48;5;16m [0m[1;38;5;255;48;5;16m  25 [0m[38;5;255;48;5;16mRACE         → OPEN YIELD  [0m[38;5;247;48;5;16m  53 seq[0m[48;5;16m                              [0m[48;5;16m [0m[31;73H
[31;75H[38;5;247;48;5;16m16:56:41 → 17:26:41 UTC · peak 303/bucket ·[0m[48;5;16m  [0m[31;120H
[32;1H[48;5;16m [0m[1;38;5;255;48;5;16m  23 [0m[38;5;255;48;5;16mEDEN         → egregore    [0m[38;5;247;48;5;16m  230 seq[0m[48;5;16m                             [0m[48;5;16m [0m[32;73H
[32;75H[38;5;247;48;5;16mtotal 5000[0m[48;5;16m                                   [0m[32;120H
[33;1H[48;5;16m [0m[1;38;5;255;48;5;16m  23 [0m[38;5;255;48;5;16mRBNHD        → egregore    [0m[38;5;247;48;5;16m  260 seq[0m[48;5;16m                             [0m[48;5;16m [0m[33;73H[2;5H[8;75H[1;38;5;255;48;5;16mPiecoin → TruffleHog[0m[48;5;16m                         [0m[8;120H
[9;1H[38;5;247;48;5;232m   [0m[38;5;247;48;5;232m TIME UTC  [0m[38;5;247;48;5;232m WALLET      [0m[38;5;247;48;5;232m SOLD       [0m[38;5;247;48;5;232m   [0m[38;5;247;48;5;232m BOUGHT     [0m[38;5;247;48;5;232m GAP    [0m[38;5;247;48;5;232m GRADE  [0m[9;71H[38;5;255;48;5;16m  [0m[9;73H
[9;75H[38;5;247;48;5;16m0x6c36…1a01 → 0x4ad5…7b08[0m[48;5;16m                    [0m[9;120H
[10;1H[38;5;255;48;5;232m [0m[38;5;203;48;5;232m▌[0m[38;5;255;48;5;232m [0m[38;5;255;48;5;232m [0m[38;5;247;48;5;232m17:20:21≈[0m[38;5;255;48;5;232m [0m[38;5;255;48;5;232m [0m[38;5;247;48;5;232m0x2b41…aa09[0m[38;5;255;48;5;232m [0m[38;5;255;48;5;232m TVK        [0m[38;5;255;48;5;232m [0m[38;5;203;48;5;232m→[0m[38;5;255;48;5;232m [0m[38;5;255;48;5;232m SPOILS     [0m[38;5;255;48;5;232m [0m[38;5;247;48;5;232m16m17s[0m[38;5;255;48;5;232m [0m[38;5;255;48;5;232m clean  [0m[10;71H[38;5;255;48;5;16m  [0m[10;73H
[10;75H[38;5;255;48;5;16m[0m[48;5;16m                                             [0m[10;120H
[11;1H[38;5;255;48;5;232m [0m[38;5;203;48;5;232m▌[0m[38;5;255;48;5;232m [0m[38;5;255;48;5;232m [0m[38;5;247;48;5;232m17:20:21≈[0m[38;5;255;48;5;232m [0m[38;5;255;48;5;232m [0m[38;5;247;48;5;232m0x0ff4…e303[0m[38;5;255;48;5;232m [0m[38;5;255;48;5;232m Piecoin    [0m[38;5;255;48;5;232m [0m[38;5;203;48;5;232m→[0m[38;5;255;48;5;232m [0m[38;5;255;48;5;232m TruffleHog [0m[38;5;255;48;5;232m [0m[38;5;247;48;5;232m10m14s[0m[38;5;255;48;5;232m [0m[38;5;255;48;5;232m clean  [0m[11;71H[38;5;255;48;5;16m  [0m[11;73H
[11;75H[38;5;255;48;5;16mwallet 0x9c13…dc8f[0m[48;5;16m                           [0m[11;120H
[12;1H[38;5;255;48;5;232m [0m[38;5;203;48;5;232m▌[0m[38;5;255;48;5;232m [0m[38;5;255;48;5;232m [0m[38;5;247;48;5;232m17:20:21≈[0m[38;5;255;48;5;232m [0m[38;5;255;48;5;232m [0m[38;5;247;48;5;232m0x61a6…53a6[0m[38;5;255;48;5;232m [0m[38;5;255;48;5;232m Piecoin    [0m[38;5;255;48;5;232m [0m[38;5;203;48;5;232m→[0m[38;5;255;48;5;232m [0m[38;5;255;48;5;232m TruffleHog [0m[38;5;255;48;5;232m [0m[38;5;247;48;5;232m10m14s[0m[38;5;255;48;5;232m [0m[38;5;255;48;5;232m clean  [0m[12;71H[38;5;255;48;5;16m  [0m[12;73H
[12;75H[38;5;247;48;5;16msold   17:10:08 UTC[0m[48;5;16m                          [0m[12;120H
[13;1H[38;5;255;48;5;232m [0m[38;5;203;48;5;232m▌[0m[38;5;255;48;5;232m [0m[38;5;255;48;5;232m [0m[38;5;247;48;5;232m17:20:21≈[0m[38;5;255;48;5;232m [0m[38;5;255;48;5;232m [0m[38;5;247;48;5;232m0xbea2…2e09[0m[38;5;255;48;5;232m [0m[38;5;255;48;5;232m STYX       [0m[38;5;255;48;5;232m [0m[38;5;203;48;5;232m→[0m[38;5;255;48;5;232m [0m[38;5;255;48;5;232m MANY       [0m[38;5;255;48;5;232m [0m[38;5;247;48;5;232m39s[0m[38;5;255;48;5;232m    [0m[38;5;255;48;5;232m clean  [0m[13;71H[38;5;255;48;5;16m  [0m[13;73H
[13;75H[38;5;247;48;5;16mbought 17:20:23≈ UTC · gap 10m16s · clean[0m[48;5;16m    [0m[13;120H
[14;1H[38;5;255;48;5;232m [0m[38;5;203;48;5;232m▌[0m[38;5;255;48;5;232m [0m[38;5;255;48;5;232m [0m[38;5;247;48;5;232m17:20:22[0m[38;5;255;48;5;232m  [0m[38;5;255;48;5;232m [0m[38;5;247;48;5;232m0xb635…b40c[0m[38;5;255;48;5;232m [0m[38;5;255;48;5;232m egregore   [0m[38;5;255;48;5;232m [0m[38;5;203;48;5;232m→[0m[38;5;255;48;5;232m [0m[38;5;255;48;5;232m PSA10      [0m[38;5;255;48;5;232m [0m[38;5;247;48;5;232m6m48s[0m[38;5;255;48;5;232m  [0m[38;5;255;48;5;232m clean  [0m[14;71H[38;5;255;48;5;16m  [0m[14;73H
[14;75H[38;5;247;48;5;16msell tx 0xbdca…876c[0m[48;5;16m                          [0m[14;120H
[15;1H[38;5;255;48;5;232m [0m[38;5;203;48;5;232m▌[0m[38;5;255;48;5;232m [0m[38;5;255;48;5;232m [0m[38;5;247;48;5;232m17:20:22≈[0m[38;5;255;48;5;232m [0m[38;5;255;48;5;232m [0m[38;5;247;48;5;232m0x7f5a…0f15[0m[38;5;255;48;5;232m [0m[38;5;255;48;5;232m SLM        [0m[38;5;255;48;5;232m [0m[38;5;203;48;5;232m→[0m[38;5;255;48;5;232m [0m[38;5;255;48;5;232m PSA10      [0m[38;5;255;48;5;232m [0m[38;5;247;48;5;232m22m17s[0m[38;5;255;48;5;232m [0m[38;5;255;48;5;232m clean  [0m[15;71H[38;5;255;48;5;16m  [0m[15;73H
[15;75H[38;5;247;48;5;16mbuy tx  0x783b…cfee[0m[48;5;16m                          [0m[15;120H
[16;1H[38;5;255;48;5;232m [0m[38;5;203;48;5;232m▌[0m[38;5;255;48;5;232m [0m[38;5;255;48;5;232m [0m[38;5;247;48;5;232m17:20:22≈[0m[38;5;255;48;5;232m [0m[38;5;255;48;5;232m [0m[38;5;247;48;5;232m0xd668…5abf[0m[38;5;255;48;5;232m [0m[38;5;255;48;5;232m TVK        [0m[38;5;255;48;5;232m [0m[38;5;203;48;5;232m→[0m[38;5;255;48;5;232m [0m[38;5;255;48;5;232m SPOILS     [0m[38;5;255;48;5;232m [0m[38;5;247;48;5;232m16m18s[0m[38;5;255;48;5;232m [0m[38;5;255;48;5;232m clean  [0m[16;71H[38;5;255;48;5;16m  [0m[16;73H
[16;75H[38;5;255;48;5;16m[0m[48;5;16m                                             [0m[16;120H
[17;1H[38;5;255;48;5;232m [0m[38;5;203;48;5;232m▌[0m[38;5;255;48;5;232m [0m[38;5;255;48;5;232m [0m[38;5;247;48;5;232m17:20:22≈[0m[38;5;255;48;5;232m [0m[38;5;255;48;5;232m [0m[38;5;247;48;5;232m0x822e…9cfa[0m[38;5;255;48;5;232m [0m[38;5;255;48;5;232m TVK        [0m[38;5;255;48;5;232m [0m[38;5;203;48;5;232m→[0m[38;5;255;48;5;232m [0m[38;5;255;48;5;232m SPOILS     [0m[38;5;255;48;5;232m [0m[38;5;247;48;5;232m16m18s[0m[38;5;255;48;5;232m [0m[38;5;255;48;5;232m clean  [0m[17;71H[38;5;255;48;5;16m  [0m[17;73H
[17;75H[38;5;242;48;5;16mEnter: all wallets on this pair[0m[48;5;16m              [0m[17;120H
[18;1H[38;5;255;48;5;232m [0m[38;5;203;48;5;232m▌[0m[38;5;255;48;5;232m [0m[38;5;255;48;5;232m [0m[38;5;247;48;5;232m17:20:22≈[0m[38;5;255;48;5;232m [0m[38;5;255;48;5;232m [0m[38;5;247;48;5;232m0xc25f…838a[0m[38;5;255;48;5;232m [0m[38;5;255;48;5;232m TVK        [0m[38;5;255;48;5;232m [0m[38;5;203;48;5;232m→[0m[38;5;255;48;5;232m [0m[38;5;255;48;5;232m SPOILS     [0m[38;5;255;48;5;232m [0m[38;5;247;48;5;232m16m18s[0m[38;5;255;48;5;232m [0m[38;5;255;48;5;232m clean  [0m[18;71H[38;5;255;48;5;16m  [0m[18;73H
[19;1H[38;5;255;48;5;232m [0m[38;5;203;48;5;232m▌[0m[38;5;255;48;5;232m [0m[38;5;255;48;5;232m [0m[38;5;247;48;5;232m17:20:22≈[0m[38;5;255;48;5;232m [0m[38;5;255;48;5;232m [0m[38;5;247;48;5;232m0x24d6…2f0b[0m[38;5;255;48;5;232m [0m[38;5;255;48;5;232m Piecoin    [0m[38;5;255;48;5;232m [0m[38;5;203;48;5;232m→[0m[38;5;255;48;5;232m [0m[38;5;255;48;5;232m TruffleHog [0m[38;5;255;48;5;232m [0m[38;5;247;48;5;232m10m15s[0m[38;5;255;48;5;232m [0m[38;5;255;48;5;232m clean  [0m[19;71H[38;5;255;48;5;16m  [0m[19;73H
[20;1H[38;5;255;48;5;232m [0m[38;5;203;48;5;232m▌[0m[38;5;255;48;5;232m [0m[38;5;255;48;5;232m [0m[38;5;247;48;5;232m17:20:22≈[0m[38;5;255;48;5;232m [0m[38;5;255;48;5;232m [0m[38;5;247;48;5;232m0x8de3…1f75[0m[38;5;255;48;5;232m [0m[38;5;255;48;5;232m Piecoin    [0m[38;5;255;48;5;232m [0m[38;5;203;48;5;232m→[0m[38;5;255;48;5;232m [0m[38;5;255;48;5;232m TruffleHog [0m[38;5;255;48;5;232m [0m[38;5;247;48;5;232m10m15s[0m[38;5;255;48;5;232m [0m[38;5;255;48;5;232m clean  [0m[20;71H[38;5;255;48;5;16m  [0m[20;73H
[21;1H[38;5;255;48;5;232m [0m[38;5;203;48;5;232m▌[0m[38;5;255;48;5;232m [0m[38;5;255;48;5;232m [0m[38;5;247;48;5;232m17:20:22≈[0m[38;5;255;48;5;232m [0m[38;5;255;48;5;232m [0m[38;5;247;48;5;232m0xae37…ba80[0m[38;5;255;48;5;232m [0m[38;5;255;48;5;232m Piecoin    [0m[38;5;255;48;5;232m [0m[38;5;203;48;5;232m→[0m[38;5;255;48;5;232m [0m[38;5;255;48;5;232m TruffleHog [0m[38;5;255;48;5;232m [0m[38;5;247;48;5;232m10m13s[0m[38;5;255;48;5;232m [0m[38;5;255;48;5;232m clean  [0m[21;71H[38;5;255;48;5;16m  [0m[21;73H
[22;1H[38;5;255;48;5;232m [0m[38;5;203;48;5;232m▌[0m[38;5;255;48;5;232m [0m[38;5;255;48;5;232m [0m[38;5;247;48;5;232m17:20:22≈[0m[38;5;255;48;5;232m [0m[38;5;255;48;5;232m [0m[38;5;247;48;5;232m0xc76b…3490[0m[38;5;255;48;5;232m [0m[38;5;255;48;5;232m Piecoin    [0m[38;5;255;48;5;232m [0m[38;5;203;48;5;232m→[0m[38;5;255;48;5;232m [0m[38;5;255;48;5;232m TruffleHog [0m[38;5;255;48;5;232m [0m[38;5;247;48;5;232m10m15s[0m[38;5;255;48;5;232m [0m[38;5;255;48;5;232m clean  [0m[22;71H[38;5;255;48;5;16m  [0m[22;73H
[23;1H[38;5;255;48;5;232m [0m[38;5;203;48;5;232m▌[0m[38;5;255;48;5;232m [0m[38;5;255;48;5;232m [0m[38;5;247;48;5;232m17:20:22≈[0m[38;5;255;48;5;232m [0m[38;5;255;48;5;232m [0m[38;5;247;48;5;232m0xd727…cf11[0m[38;5;255;48;5;232m [0m[38;5;255;48;5;232m BOW        [0m[38;5;255;48;5;232m [0m[38;5;203;48;5;232m→[0m[38;5;255;48;5;232m [0m[38;5;255;48;5;232m FAB        [0m[38;5;255;48;5;232m [0m[38;5;247;48;5;232m20s[0m[38;5;255;48;5;232m    [0m[38;5;255;48;5;232m clean  [0m[23;71H[38;5;255;48;5;16m  [0m[23;73H
[24;1H[38;5;255;48;5;16m ▌ [0m[38;5;255;48;5;16m 17:20:23≈ [0m[38;5;255;48;5;16m 0x9c13…dc8f [0m[38;5;255;48;5;16m Piecoin    [0m[38;5;255;48;5;16m → [0m[38;5;255;48;5;16m TruffleHog [0m[38;5;255;48;5;16m 10m16s [0m[38;5;255;48;5;16m clean  [0m[24;71H[7;38;5;52;48;5;232m  [0m[24;73H
[26;1H[48;5;16m [0m[38;5;247;48;5;16mHOT ROTATIONS · distinct wallets, last 30m00s[0m[48;5;16m                         [0m[48;5;16m [0m[26;73H
[26;75H[38;5;247;48;5;16mACTIVITY · sequences per 60s bucket · 30[0m[48;5;16m     [0m[26;120H
[27;1H[48;5;16m [0m[1;38;5;255;48;5;16m  54 [0m[38;5;255;48;5;16mPiecoin      → TruffleHog  [0m[38;5;247;48;5;16m  883 seq[0m[48;5;16m                             [0m[48;5;16m [0m[27;73H
[27;75H[38;5;247;48;5;16mbuckets[0m[48;5;16m                                      [0m[27;120H
[28;1H[48;5;16m [0m[1;38;5;255;48;5;16m  37 [0m[38;5;255;48;5;16mPUCHATO      → STEPPER     [0m[38;5;247;48;5;16m  37 seq[0m[48;5;16m                              [0m[48;5;16m [0m[28;73H
[29;1H[48;5;16m [0m[1;38;5;255;48;5;16m  29 [0m[38;5;255;48;5;16megregore     → credit      [0m[38;5;247;48;5;16m  176 seq[0m[48;5;16m                             [0m[48;5;16m [0m[29;73H
[30;1H[48;5;16m [0m[1;38;5;255;48;5;16m  28 [0m[38;5;255;48;5;16mAUTON        → egregore    [0m[38;5;247;48;5;16m  289 seq[0m[48;5;16m                             [0m[48;5;16m [0m[30;73H
[31;1H[48;5;16m [0m[1;38;5;255;48;5;16m  25 [0m[38;5;255;48;5;16mRACE         → OPEN YIELD  [0m[38;5;247;48;5;16m  53 seq[0m[48;5;16m                              [0m[48;5;16m [0m[31;73H
[31;75H[38;5;247;48;5;16m16:56:41 → 17:26:41 UTC · peak 303/bucket ·[0m[48;5;16m  [0m[31;120H
[32;1H[48;5;16m [0m[1;38;5;255;48;5;16m  23 [0m[38;5;255;48;5;16mEDEN         → egregore    [0m[38;5;247;48;5;16m  230 seq[0m[48;5;16m                             [0m[48;5;16m [0m[32;73H
[32;75H[38;5;247;48;5;16mtotal 5000[0m[48;5;16m                                   [0m[32;120H
[33;1H[48;5;16m [0m[1;38;5;255;48;5;16m  23 [0m[38;5;255;48;5;16mRBNHD        → egregore    [0m[38;5;247;48;5;16m  260 seq[0m[48;5;16m                             [0m[48;5;16m [0m[33;73H[2;5H[9;71H[38;5;255;48;5;16m  [0m[9;73H
[10;71H[38;5;255;48;5;16m  [0m[10;73H
[11;71H[38;5;255;48;5;16m  [0m[11;73H
[12;71H[38;5;255;48;5;16m  [0m[12;73H
[13;71H[38;5;255;48;5;16m  [0m[13;73H
[14;71H[38;5;255;48;5;16m  [0m[14;73H
[15;71H[38;5;255;48;5;16m  [0m[15;73H
[16;71H[38;5;255;48;5;16m  [0m[16;73H
[17;71H[38;5;255;48;5;16m  [0m[17;73H
[18;71H[38;5;255;48;5;16m  [0m[18;73H
[19;71H[38;5;255;48;5;16m  [0m[19;73H
[20;71H[38;5;255;48;5;16m  [0m[20;73H
[21;71H[38;5;255;48;5;16m  [0m[21;73H
[22;71H[38;5;255;48;5;16m  [0m[22;73H
[23;71H[38;5;255;48;5;16m  [0m[23;73H
[24;71H[7;38;5;52;48;5;232m  [0m[24;73H[2;5H[9;71H[38;5;255;48;5;16m  [0m[9;73H
[10;71H[38;5;255;48;5;16m  [0m[10;73H
[11;71H[38;5;255;48;5;16m  [0m[11;73H
[12;71H[38;5;255;48;5;16m  [0m[12;73H
[13;71H[38;5;255;48;5;16m  [0m[13;73H
[14;71H[38;5;255;48;5;16m  [0m[14;73H
[15;71H[38;5;255;48;5;16m  [0m[15;73H
[16;71H[38;5;255;48;5;16m  [0m[16;73H
[17;71H[38;5;255;48;5;16m  [0m[17;73H
[18;71H[38;5;255;48;5;16m  [0m[18;73H
[19;71H[38;5;255;48;5;16m  [0m[19;73H
[20;71H[38;5;255;48;5;16m  [0m[20;73H
[21;71H[38;5;255;48;5;16m  [0m[21;73H
[22;71H[38;5;255;48;5;16m  [0m[22;73H
[23;71H[38;5;255;48;5;16m  [0m[23;73H
[24;71H[7;38;5;52;48;5;232m  [0m[24;73H[2;5H[6;1H[48;5;16m [0m[38;5;255;48;5;16mCHAIN Robinhood Chain[0m[38;5;52;48;5;16m  ·  [0m[38;5;255;48;5;16m[REPLAY 10× · PAUSED][0m[38;5;52;48;5;16m  ·  [0m[38;5;255;48;5;16mCLOCK 17:26:41 UTC[0m[38;5;52;48;5;16m  ·  [0m[38;5;247;48;5;16mRANGE 16:56:41–17:26:41[0m[38;5;52;48;5;16m  ·  [0m[38;5;247;48;5;16mWINDOW 30m00s[0m[48;5;16m  [0m[48;5;16m [0m[2;5H[9;71H[38;5;255;48;5;16m  [0m[9;73H
[10;71H[38;5;255;48;5;16m  [0m[10;73H
[11;71H[38;5;255;48;5;16m  [0m[11;73H
[12;71H[38;5;255;48;5;16m  [0m[12;73H
[13;71H[38;5;255;48;5;16m  [0m[13;73H
[14;71H[38;5;255;48;5;16m  [0m[14;73H
[15;71H[38;5;255;48;5;16m  [0m[15;73H
[16;71H[38;5;255;48;5;16m  [0m[16;73H
[17;71H[38;5;255;48;5;16m  [0m[17;73H
[18;71H[38;5;255;48;5;16m  [0m[18;73H
[19;71H[38;5;255;48;5;16m  [0m[19;73H
[20;71H[38;5;255;48;5;16m  [0m[20;73H
[21;71H[38;5;255;48;5;16m  [0m[21;73H
[22;71H[38;5;255;48;5;16m  [0m[22;73H
[23;71H[38;5;255;48;5;16m  [0m[23;73H
[24;71H[7;38;5;52;48;5;232m  [0m[24;73H[2;5H[6;1H[48;5;16m [0m[38;5;255;48;5;16mCHAIN Robinhood Chain[0m[38;5;52;48;5;16m  ·  [0m[38;5;255;48;5;16m[REPLAY 10× · PAUSED][0m[38;5;52;48;5;16m  ·  [0m[38;5;255;48;5;16mCLOCK 17:26:41 UTC[0m[38;5;52;48;5;16m  ·  [0m[38;5;247;48;5;16mRANGE 16:56:41–17:26:41[0m[38;5;52;48;5;16m  ·  [0m[38;5;247;48;5;16mWINDOW 30m00s[0m[48;5;16m  [0m[48;5;16m [0m
[8;1H[48;5;16m [0m[38;5;247;48;5;16mOBSERVED SEQUENCES · last 30m00s · 6311 of 6311 rows · +1311 new · one[0m[48;5;16m [0m[8;73H
[8;75H[1;38;5;255;48;5;16mTruffleHog → ZenoCoin[0m[48;5;16m                        [0m[8;120H
[9;1H[38;5;247;48;5;232m   [0m[38;5;247;48;5;232m TIME UTC  [0m[38;5;247;48;5;232m WALLET      [0m[38;5;247;48;5;232m SOLD       [0m[38;5;247;48;5;232m   [0m[38;5;247;48;5;232m BOUGHT     [0m[38;5;247;48;5;232m GAP    [0m[38;5;247;48;5;232m GRADE  [0m[9;71H[38;5;255;48;5;16m  [0m[9;73H
[9;75H[38;5;247;48;5;16m0x045b…bd82 → 0x4e63…27ff[0m[48;5;16m                    [0m[9;120H
[10;1H[38;5;255;48;5;232m   [0m[38;5;255;48;5;232m [0m[38;5;247;48;5;232m17:20:21≈[0m[38;5;255;48;5;232m [0m[38;5;255;48;5;232m [0m[38;5;247;48;5;232m0x2b41…aa09[0m[38;5;255;48;5;232m [0m[38;5;255;48;5;232m TVK        [0m[38;5;255;48;5;232m [0m[38;5;247;48;5;232m→[0m[38;5;255;48;5;232m [0m[38;5;255;48;5;232m SPOILS     [0m[38;5;255;48;5;232m [0m[38;5;247;48;5;232m16m17s[0m[38;5;255;48;5;232m [0m[38;5;255;48;5;232m clean  [0m[10;71H[38;5;255;48;5;16m  [0m[10;73H
[10;75H[38;5;255;48;5;16m[0m[48;5;16m                                             [0m[10;120H
[11;1H[38;5;255;48;5;232m   [0m[38;5;255;48;5;232m [0m[38;5;247;48;5;232m17:20:21≈[0m[38;5;255;48;5;232m [0m[38;5;255;48;5;232m [0m[38;5;247;48;5;232m0x0ff4…e303[0m[38;5;255;48;5;232m [0m[38;5;255;48;5;232m Piecoin    [0m[38;5;255;48;5;232m [0m[38;5;247;48;5;232m→[0m[38;5;255;48;5;232m [0m[38;5;255;48;5;232m TruffleHog [0m[38;5;255;48;5;232m [0m[38;5;247;48;5;232m10m14s[0m[38;5;255;48;5;232m [0m[38;5;255;48;5;232m clean  [0m[11;71H[38;5;255;48;5;16m  [0m[11;73H
[11;75H[38;5;255;48;5;16mwallet 0xedb7…1557[0m[48;5;16m                           [0m[11;120H
[12;1H[38;5;255;48;5;232m   [0m[38;5;255;48;5;232m [0m[38;5;247;48;5;232m17:20:21≈[0m[38;5;255;48;5;232m [0m[38;5;255;48;5;232m [0m[38;5;247;48;5;232m0x61a6…53a6[0m[38;5;255;48;5;232m [0m[38;5;255;48;5;232m Piecoin    [0m[38;5;255;48;5;232m [0m[38;5;247;48;5;232m→[0m[38;5;255;48;5;232m [0m[38;5;255;48;5;232m TruffleHog [0m[38;5;255;48;5;232m [0m[38;5;247;48;5;232m10m14s[0m[38;5;255;48;5;232m [0m[38;5;255;48;5;232m clean  [0m[12;71H[38;5;255;48;5;16m  [0m[12;73H
[12;75H[38;5;247;48;5;16msold   17:26:41 UTC[0m[48;5;16m                          [0m[12;120H
[13;1H[38;5;255;48;5;232m   [0m[38;5;255;48;5;232m [0m[38;5;247;48;5;232m17:20:21≈[0m[38;5;255;48;5;232m [0m[38;5;255;48;5;232m [0m[38;5;247;48;5;232m0xbea2…2e09[0m[38;5;255;48;5;232m [0m[38;5;255;48;5;232m STYX       [0m[38;5;255;48;5;232m [0m[38;5;247;48;5;232m→[0m[38;5;255;48;5;232m [0m[38;5;255;48;5;232m MANY       [0m[38;5;255;48;5;232m [0m[38;5;247;48;5;232m39s[0m[38;5;255;48;5;232m    [0m[38;5;255;48;5;232m clean  [0m[13;71H[38;5;255;48;5;16m  [0m[13;73H
[13;75H[38;5;247;48;5;16mbought 17:26:41≈ UTC · gap 0s · direct[0m[48;5;16m       [0m[13;120H
[14;1H[38;5;255;48;5;232m   [0m[38;5;255;48;5;232m [0m[38;5;247;48;5;232m17:20:22[0m[38;5;255;48;5;232m  [0m[38;5;255;48;5;232m [0m[38;5;247;48;5;232m0xb635…b40c[0m[38;5;255;48;5;232m [0m[38;5;255;48;5;232m egregore   [0m[38;5;255;48;5;232m [0m[38;5;247;48;5;232m→[0m[38;5;255;48;5;232m [0m[38;5;255;48;5;232m PSA10      [0m[38;5;255;48;5;232m [0m[38;5;247;48;5;232m6m48s[0m[38;5;255;48;5;232m  [0m[38;5;255;48;5;232m clean  [0m[14;71H[38;5;255;48;5;16m  [0m[14;73H
[14;75H[38;5;247;48;5;16msell tx 0xf3df…686e[0m[48;5;16m                          [0m[14;120H
[15;1H[38;5;255;48;5;232m   [0m[38;5;255;48;5;232m [0m[38;5;247;48;5;232m17:20:22≈[0m[38;5;255;48;5;232m [0m[38;5;255;48;5;232m [0m[38;5;247;48;5;232m0x7f5a…0f15[0m[38;5;255;48;5;232m [0m[38;5;255;48;5;232m SLM        [0m[38;5;255;48;5;232m [0m[38;5;247;48;5;232m→[0m[38;5;255;48;5;232m [0m[38;5;255;48;5;232m PSA10      [0m[38;5;255;48;5;232m [0m[38;5;247;48;5;232m22m17s[0m[38;5;255;48;5;232m [0m[38;5;255;48;5;232m clean  [0m[15;71H[38;5;255;48;5;16m  [0m[15;73H
[15;75H[38;5;247;48;5;16mbuy tx  0xf3df…686e[0m[48;5;16m                          [0m[15;120H
[16;1H[38;5;255;48;5;232m   [0m[38;5;255;48;5;232m [0m[38;5;247;48;5;232m17:20:22≈[0m[38;5;255;48;5;232m [0m[38;5;255;48;5;232m [0m[38;5;247;48;5;232m0xd668…5abf[0m[38;5;255;48;5;232m [0m[38;5;255;48;5;232m TVK        [0m[38;5;255;48;5;232m [0m[38;5;247;48;5;232m→[0m[38;5;255;48;5;232m [0m[38;5;255;48;5;232m SPOILS     [0m[38;5;255;48;5;232m [0m[38;5;247;48;5;232m16m18s[0m[38;5;255;48;5;232m [0m[38;5;255;48;5;232m clean  [0m[16;71H[38;5;255;48;5;16m  [0m[16;73H
[16;75H[38;5;255;48;5;16m[0m[48;5;16m                                             [0m[16;120H
[17;1H[38;5;255;48;5;232m   [0m[38;5;255;48;5;232m [0m[38;5;247;48;5;232m17:20:22≈[0m[38;5;255;48;5;232m [0m[38;5;255;48;5;232m [0m[38;5;247;48;5;232m0x822e…9cfa[0m[38;5;255;48;5;232m [0m[38;5;255;48;5;232m TVK        [0m[38;5;255;48;5;232m [0m[38;5;247;48;5;232m→[0m[38;5;255;48;5;232m [0m[38;5;255;48;5;232m SPOILS     [0m[38;5;255;48;5;232m [0m[38;5;247;48;5;232m16m18s[0m[38;5;255;48;5;232m [0m[38;5;255;48;5;232m clean  [0m[17;71H[38;5;255;48;5;16m  [0m[17;73H
[17;75H[38;5;242;48;5;16mEnter: all wallets on this pair[0m[48;5;16m              [0m[17;120H
[18;1H[38;5;255;48;5;232m   [0m[38;5;255;48;5;232m [0m[38;5;247;48;5;232m17:20:22≈[0m[38;5;255;48;5;232m [0m[38;5;255;48;5;232m [0m[38;5;247;48;5;232m0xc25f…838a[0m[38;5;255;48;5;232m [0m[38;5;255;48;5;232m TVK        [0m[38;5;255;48;5;232m [0m[38;5;247;48;5;232m→[0m[38;5;255;48;5;232m [0m[38;5;255;48;5;232m SPOILS     [0m[38;5;255;48;5;232m [0m[38;5;247;48;5;232m16m18s[0m[38;5;255;48;5;232m [0m[38;5;255;48;5;232m clean  [0m[18;71H[38;5;255;48;5;16m  [0m[18;73H
[19;1H[38;5;255;48;5;232m   [0m[38;5;255;48;5;232m [0m[38;5;247;48;5;232m17:20:22≈[0m[38;5;255;48;5;232m [0m[38;5;255;48;5;232m [0m[38;5;247;48;5;232m0x24d6…2f0b[0m[38;5;255;48;5;232m [0m[38;5;255;48;5;232m Piecoin    [0m[38;5;255;48;5;232m [0m[38;5;247;48;5;232m→[0m[38;5;255;48;5;232m [0m[38;5;255;48;5;232m TruffleHog [0m[38;5;255;48;5;232m [0m[38;5;247;48;5;232m10m15s[0m[38;5;255;48;5;232m [0m[38;5;255;48;5;232m clean  [0m[19;71H[38;5;255;48;5;16m  [0m[19;73H
[20;1H[38;5;255;48;5;232m   [0m[38;5;255;48;5;232m [0m[38;5;247;48;5;232m17:20:22≈[0m[38;5;255;48;5;232m [0m[38;5;255;48;5;232m [0m[38;5;247;48;5;232m0x8de3…1f75[0m[38;5;255;48;5;232m [0m[38;5;255;48;5;232m Piecoin    [0m[38;5;255;48;5;232m [0m[38;5;247;48;5;232m→[0m[38;5;255;48;5;232m [0m[38;5;255;48;5;232m TruffleHog [0m[38;5;255;48;5;232m [0m[38;5;247;48;5;232m10m15s[0m[38;5;255;48;5;232m [0m[38;5;255;48;5;232m clean  [0m[20;71H[38;5;52;48;5;16m▁▁[0m[20;73H
[21;1H[38;5;255;48;5;232m   [0m[38;5;255;48;5;232m [0m[38;5;247;48;5;232m17:20:22≈[0m[38;5;255;48;5;232m [0m[38;5;255;48;5;232m [0m[38;5;247;48;5;232m0xae37…ba80[0m[38;5;255;48;5;232m [0m[38;5;255;48;5;232m Piecoin    [0m[38;5;255;48;5;232m [0m[38;5;247;48;5;232m→[0m[38;5;255;48;5;232m [0m[38;5;255;48;5;232m TruffleHog [0m[38;5;255;48;5;232m [0m[38;5;247;48;5;232m10m13s[0m[38;5;255;48;5;232m [0m[38;5;255;48;5;232m clean  [0m[21;71H[7;38;5;52;48;5;16m▁▁[0m[21;73H
[22;1H[38;5;255;48;5;232m   [0m[38;5;255;48;5;232m [0m[38;5;247;48;5;232m17:20:22≈[0m[38;5;255;48;5;232m [0m[38;5;255;48;5;232m [0m[38;5;247;48;5;232m0xc76b…3490[0m[38;5;255;48;5;232m [0m[38;5;255;48;5;232m Piecoin    [0m[38;5;255;48;5;232m [0m[38;5;247;48;5;232m→[0m[38;5;255;48;5;232m [0m[38;5;255;48;5;232m TruffleHog [0m[38;5;255;48;5;232m [0m[38;5;247;48;5;232m10m15s[0m[38;5;255;48;5;232m [0m[38;5;255;48;5;232m clean  [0m[22;71H[38;5;255;48;5;16m  [0m[22;73H
[23;1H[38;5;255;48;5;232m   [0m[38;5;255;48;5;232m [0m[38;5;247;48;5;232m17:20:22≈[0m[38;5;255;48;5;232m [0m[38;5;255;48;5;232m [0m[38;5;247;48;5;232m0xd727…cf11[0m[38;5;255;48;5;232m [0m[38;5;255;48;5;232m BOW        [0m[38;5;255;48;5;232m [0m[38;5;247;48;5;232m→[0m[38;5;255;48;5;232m [0m[38;5;255;48;5;232m FAB        [0m[38;5;255;48;5;232m [0m[38;5;247;48;5;232m20s[0m[38;5;255;48;5;232m    [0m[38;5;255;48;5;232m clean  [0m[23;71H[38;5;255;48;5;16m  [0m[23;73H
[24;1H[38;5;255;48;5;232m   [0m[38;5;255;48;5;232m [0m[38;5;247;48;5;232m17:20:23≈[0m[38;5;255;48;5;232m [0m[38;5;255;48;5;232m [0m[38;5;247;48;5;232m0x9c13…dc8f[0m[38;5;255;48;5;232m [0m[38;5;255;48;5;232m Piecoin    [0m[38;5;255;48;5;232m [0m[38;5;247;48;5;232m→[0m[38;5;255;48;5;232m [0m[38;5;255;48;5;232m TruffleHog [0m[38;5;255;48;5;232m [0m[38;5;247;48;5;232m10m16s[0m[38;5;255;48;5;232m [0m[38;5;255;48;5;232m clean  [0m[24;71H[38;5;255;48;5;16m  [0m[24;73H
[26;75H[38;5;247;48;5;16mACTIVITY · sequences per 60s bucket · 30[0m[48;5;16m     [0m[26;120H
[27;75H[38;5;247;48;5;16mbuckets[0m[48;5;16m                                      [0m[27;120H
[28;75H[38;5;203;48;5;16m▇[0m[38;5;203;48;5;16m▇[0m[38;5;255;48;5;16m [0m[38;5;255;48;5;16m [0m[38;5;255;48;5;16m [0m[38;5;255;48;5;16m [0m[38;5;255;48;5;16m [0m[38;5;255;48;5;16m [0m[38;5;255;48;5;16m [0m[38;5;255;48;5;16m [0m[38;5;255;48;5;16m [0m[38;5;255;48;5;16m [0m[38;5;255;48;5;16m [0m[38;5;255;48;5;16m [0m[38;5;255;48;5;16m [0m[38;5;255;48;5;16m [0m[38;5;255;48;5;16m [0m[38;5;255;48;5;16m [0m[38;5;255;48;5;16m [0m[38;5;255;48;5;16m [0m[38;5;255;48;5;16m [0m[38;5;255;48;5;16m [0m[38;5;255;48;5;16m [0m[38;5;167;48;5;16m▁[0m[38;5;167;48;5;16m▁[0m[38;5;255;48;5;16m [0m[38;5;203;48;5;16m█[0m[38;5;203;48;5;16m█[0m[38;5;167;48;5;16m▁[0m[38;5;255;48;5;16m [0m[38;5;167;48;5;16m▄[0m[38;5;167;48;5;16m▄[0m[38;5;255;48;5;16m [0m[38;5;255;48;5;16m [0m[38;5;255;48;5;16m [0m[38;5;255;48;5;16m [0m[38;5;167;48;5;16m▂[0m[38;5;167;48;5;16m▂[0m[38;5;255;48;5;16m [0m[38;5;255;48;5;16m [0m[38;5;255;48;5;16m [0m[38;5;167;48;5;16m▄[0m[38;5;255;48;5;16m [0m[38;5;255;48;5;16m [0m[38;5;255;48;5;16m [0m[28;120H
[29;75H[38;5;203;48;5;16m█[0m[38;5;203;48;5;16m█[0m[38;5;131;48;5;16m▂[0m[38;5;131;48;5;16m▂[0m[38;5;131;48;5;16m▂[0m[38;5;131;48;5;16m▄[0m[38;5;131;48;5;16m▄[0m[38;5;255;48;5;16m [0m[38;5;131;48;5;16m▅[0m[38;5;131;48;5;16m▁[0m[38;5;131;48;5;16m▁[0m[38;5;255;48;5;16m [0m[38;5;255;48;5;16m [0m[38;5;255;48;5;16m [0m[38;5;131;48;5;16m▁[0m[38;5;131;48;5;16m▁[0m[38;5;255;48;5;16m [0m[38;5;131;48;5;16m▁[0m[38;5;131;48;5;16m▁[0m[38;5;131;48;5;16m▁[0m[38;5;131;48;5;16m▂[0m[38;5;131;48;5;16m▂[0m[38;5;167;48;5;16m▆[0m[38;5;167;48;5;16m█[0m[38;5;167;48;5;16m█[0m[38;5;131;48;5;16m▄[0m[38;5;203;48;5;16m█[0m[38;5;203;48;5;16m█[0m[38;5;167;48;5;16m█[0m[38;5;255;48;5;16m [0m[38;5;167;48;5;16m█[0m[38;5;167;48;5;16m█[0m[38;5;167;48;5;16m█[0m[38;5;167;48;5;16m█[0m[38;5;167;48;5;16m█[0m[38;5;131;48;5;16m▅[0m[38;5;167;48;5;16m█[0m[38;5;167;48;5;16m█[0m[38;5;255;48;5;16m [0m[38;5;131;48;5;16m▅[0m[38;5;131;48;5;16m▅[0m[38;5;167;48;5;16m█[0m[38;5;255;48;5;16m [0m[38;5;255;48;5;16m [0m[38;5;255;48;5;16m [0m[29;120H
[30;75H[38;5;203;48;5;16m█[0m[38;5;203;48;5;16m█[0m[38;5;131;48;5;16m█[0m[38;5;131;48;5;16m█[0m[38;5;131;48;5;16m█[0m[38;5;131;48;5;16m█[0m[38;5;131;48;5;16m█[0m[38;5;131;48;5;16m█[0m[38;5;131;48;5;16m█[0m[38;5;131;48;5;16m█[0m[38;5;131;48;5;16m█[0m[38;5;95;48;5;16m▆[0m[38;5;243;48;5;16m▂[0m[38;5;243;48;5;16m▂[0m[38;5;131;48;5;16m█[0m[38;5;131;48;5;16m█[0m[38;5;243;48;5;16m▃[0m[38;5;131;48;5;16m█[0m[38;5;131;48;5;16m█[0m[38;5;131;48;5;16m█[0m[38;5;131;48;5;16m█[0m[38;5;131;48;5;16m█[0m[38;5;167;48;5;16m█[0m[38;5;167;48;5;16m█[0m[38;5;167;48;5;16m█[0m[38;5;131;48;5;16m█[0m[38;5;203;48;5;16m█[0m[38;5;203;48;5;16m█[0m[38;5;167;48;5;16m█[0m[38;5;95;48;5;16m▇[0m[38;5;167;48;5;16m█[0m[38;5;167;48;5;16m█[0m[38;5;167;48;5;16m█[0m[38;5;167;48;5;16m█[0m[38;5;167;48;5;16m█[0m[38;5;131;48;5;16m█[0m[38;5;167;48;5;16m█[0m[38;5;167;48;5;16m█[0m[38;5;95;48;5;16m▆[0m[38;5;131;48;5;16m█[0m[38;5;131;48;5;16m█[0m[38;5;167;48;5;16m█[0m[38;5;242;48;5;16m▁[0m[38;5;242;48;5;16m▁[0m[38;5;131;48;5;16m█[0m[30;120H
[31;75H[38;5;247;48;5;16m16:56:41 → 17:26:41 UTC · peak 303/bucket ·[0m[48;5;16m  [0m[31;120H
[32;75H[38;5;247;48;5;16mtotal 6306[0m[48;5;16m                                   [0m[32;120H[2;5H[8;75H[1;38;5;255;48;5;16mTruffleHog → ZenoCoin[0m[48;5;16m                        [0m[8;120H
[9;1H[38;5;247;48;5;232m   [0m[38;5;247;48;5;232m TIME UTC  [0m[38;5;247;48;5;232m WALLET      [0m[38;5;247;48;5;232m SOLD       [0m[38;5;247;48;5;232m   [0m[38;5;247;48;5;232m BOUGHT     [0m[38;5;247;48;5;232m GAP    [0m[38;5;247;48;5;232m GRADE  [0m[9;71H[38;5;255;48;5;16m  [0m[9;73H
[9;75H[38;5;247;48;5;16m0x045b…bd82 → 0x4e63…27ff[0m[48;5;16m                    [0m[9;120H
[10;1H[38;5;255;48;5;232m [0m[38;5;203;48;5;232m▌[0m[38;5;255;48;5;232m [0m[38;5;255;48;5;232m [0m[38;5;247;48;5;232m17:26:36≈[0m[38;5;255;48;5;232m [0m[38;5;255;48;5;232m [0m[38;5;247;48;5;232m0xd310…0632[0m[38;5;255;48;5;232m [0m[38;5;255;48;5;232m Lemon      [0m[38;5;255;48;5;232m [0m[38;5;203;48;5;232m→[0m[38;5;255;48;5;232m [0m[38;5;255;48;5;232m LUNAR      [0m[38;5;255;48;5;232m [0m[38;5;247;48;5;232m16m06s[0m[38;5;255;48;5;232m [0m[38;5;255;48;5;232m clean  [0m[10;71H[38;5;255;48;5;16m  [0m[10;73H
[10;75H[38;5;255;48;5;16m[0m[48;5;16m                                             [0m[10;120H
[11;1H[38;5;255;48;5;232m [0m[38;5;203;48;5;232m▌[0m[38;5;255;48;5;232m [0m[38;5;255;48;5;232m [0m[38;5;247;48;5;232m17:26:36≈[0m[38;5;255;48;5;232m [0m[38;5;255;48;5;232m [0m[38;5;247;48;5;232m0xfe93…7166[0m[38;5;255;48;5;232m [0m[38;5;255;48;5;232m Yo-yo      [0m[38;5;255;48;5;232m [0m[38;5;203;48;5;232m→[0m[38;5;255;48;5;232m [0m[38;5;255;48;5;232m INFERNET   [0m[38;5;255;48;5;232m [0m[38;5;247;48;5;232m13m22s[0m[38;5;255;48;5;232m [0m[38;5;255;48;5;232m clean  [0m[11;71H[38;5;255;48;5;16m  [0m[11;73H
[11;75H[38;5;255;48;5;16mwallet 0xedb7…1557[0m[48;5;16m                           [0m[11;120H
[12;1H[38;5;255;48;5;232m [0m[38;5;203;48;5;232m▌[0m[38;5;255;48;5;232m [0m[38;5;255;48;5;232m [0m[38;5;247;48;5;232m17:26:36≈[0m[38;5;255;48;5;232m [0m[38;5;255;48;5;232m [0m[38;5;247;48;5;232m0xd827…2a37[0m[38;5;255;48;5;232m [0m[38;5;255;48;5;232m PONTRADES  [0m[38;5;255;48;5;232m [0m[38;5;203;48;5;232m→[0m[38;5;255;48;5;232m [0m[38;5;255;48;5;232m COPE       [0m[38;5;255;48;5;232m [0m[38;5;247;48;5;232m18m41s[0m[38;5;255;48;5;232m [0m[38;5;255;48;5;232m clean  [0m[12;71H[38;5;255;48;5;16m  [0m[12;73H
[12;75H[38;5;247;48;5;16msold   17:26:41 UTC[0m[48;5;16m                          [0m[12;120H
[13;1H[38;5;255;48;5;232m [0m[38;5;203;48;5;232m▌[0m[38;5;255;48;5;232m [0m[38;5;255;48;5;232m [0m[38;5;247;48;5;232m17:26:38≈[0m[38;5;255;48;5;232m [0m[38;5;255;48;5;232m [0m[38;5;247;48;5;232m0x3ced…9cd7[0m[38;5;255;48;5;232m [0m[38;5;255;48;5;232m TruffleHog [0m[38;5;255;48;5;232m [0m[38;5;203;48;5;232m→[0m[38;5;255;48;5;232m [0m[38;5;255;48;5;232m MINER      [0m[38;5;255;48;5;232m [0m[38;5;247;48;5;232m7m26s[0m[38;5;255;48;5;232m  [0m[38;5;255;48;5;232m clean  [0m[13;71H[38;5;255;48;5;16m  [0m[13;73H
[13;75H[38;5;247;48;5;16mbought 17:26:41≈ UTC · gap 0s · direct[0m[48;5;16m       [0m[13;120H
[14;1H[38;5;255;48;5;232m [0m[38;5;203;48;5;232m▌[0m[38;5;255;48;5;232m [0m[38;5;255;48;5;232m [0m[38;5;247;48;5;232m17:26:38≈[0m[38;5;255;48;5;232m [0m[38;5;255;48;5;232m [0m[38;5;247;48;5;232m0xa3d4…5a96[0m[38;5;255;48;5;232m [0m[38;5;255;48;5;232m DOME       [0m[38;5;255;48;5;232m [0m[38;5;203;48;5;232m→[0m[38;5;255;48;5;232m [0m[38;5;255;48;5;232m SAGA       [0m[38;5;255;48;5;232m [0m[38;5;247;48;5;232m10m25s[0m[38;5;255;48;5;232m [0m[38;5;255;48;5;232m clean  [0m[14;71H[38;5;255;48;5;16m  [0m[14;73H
[14;75H[38;5;247;48;5;16msell tx 0xf3df…686e[0m[48;5;16m                          [0m[14;120H
[15;1H[38;5;255;48;5;232m [0m[38;5;203;48;5;232m▌[0m[38;5;255;48;5;232m [0m[38;5;255;48;5;232m [0m[38;5;247;48;5;232m17:26:40≈[0m[38;5;255;48;5;232m [0m[38;5;255;48;5;232m [0m[38;5;247;48;5;232m0x7084…859a[0m[38;5;255;48;5;232m [0m[38;5;255;48;5;232m TruffleHog [0m[38;5;255;48;5;232m [0m[38;5;203;48;5;232m→[0m[38;5;255;48;5;232m [0m[38;5;255;48;5;232m FLY        [0m[38;5;255;48;5;232m [0m[38;5;247;48;5;232m4m12s[0m[38;5;255;48;5;232m  [0m[38;5;255;48;5;232m clean  [0m[15;71H[38;5;255;48;5;16m  [0m[15;73H
[15;75H[38;5;247;48;5;16mbuy tx  0xf3df…686e[0m[48;5;16m                          [0m[15;120H
[16;1H[38;5;255;48;5;232m [0m[38;5;203;48;5;232m▌[0m[38;5;255;48;5;232m [0m[38;5;255;48;5;232m [0m[38;5;247;48;5;232m17:26:40≈[0m[38;5;255;48;5;232m [0m[38;5;255;48;5;232m [0m[38;5;247;48;5;232m0xb1a4…7d58[0m[38;5;255;48;5;232m [0m[38;5;255;48;5;232m STOXA      [0m[38;5;255;48;5;232m [0m[38;5;203;48;5;232m→[0m[38;5;255;48;5;232m [0m[38;5;255;48;5;232m BETA       [0m[38;5;255;48;5;232m [0m[38;5;247;48;5;232m25m04s[0m[38;5;255;48;5;232m [0m[38;5;255;48;5;232m clean  [0m[16;71H[38;5;255;48;5;16m  [0m[16;73H
[16;75H[38;5;255;48;5;16m[0m[48;5;16m                                             [0m[16;120H
[17;1H[38;5;255;48;5;232m [0m[38;5;203;48;5;232m▌[0m[38;5;255;48;5;232m [0m[38;5;255;48;5;232m [0m[38;5;247;48;5;232m17:26:40≈[0m[38;5;255;48;5;232m [0m[38;5;255;48;5;232m [0m[38;5;247;48;5;232m0xd24a…a1fb[0m[38;5;255;48;5;232m [0m[38;5;255;48;5;232m STOXA      [0m[38;5;255;48;5;232m [0m[38;5;203;48;5;232m→[0m[38;5;255;48;5;232m [0m[38;5;255;48;5;232m BETA       [0m[38;5;255;48;5;232m [0m[38;5;247;48;5;232m25m04s[0m[38;5;255;48;5;232m [0m[38;5;255;48;5;232m clean  [0m[17;71H[38;5;255;48;5;16m  [0m[17;73H
[17;75H[38;5;242;48;5;16mEnter: all wallets on this pair[0m[48;5;16m              [0m[17;120H
[18;1H[38;5;255;48;5;232m [0m[38;5;203;48;5;232m▌[0m[38;5;255;48;5;232m [0m[38;5;255;48;5;232m [0m[38;5;247;48;5;232m17:26:40≈[0m[38;5;255;48;5;232m [0m[38;5;255;48;5;232m [0m[38;5;247;48;5;232m0xc64b…11d6[0m[38;5;255;48;5;232m [0m[38;5;255;48;5;232m OPEN YIELD [0m[38;5;255;48;5;232m [0m[38;5;203;48;5;232m→[0m[38;5;255;48;5;232m [0m[38;5;255;48;5;232m TGCOINS    [0m[38;5;255;48;5;232m [0m[38;5;247;48;5;232m7m16s[0m[38;5;255;48;5;232m  [0m[38;5;255;48;5;232m clean  [0m[18;71H[38;5;255;48;5;16m  [0m[18;73H
[19;1H[38;5;255;48;5;232m [0m[38;5;203;48;5;232m▌[0m[38;5;255;48;5;232m [0m[38;5;255;48;5;232m [0m[38;5;247;48;5;232m17:26:40≈[0m[38;5;255;48;5;232m [0m[38;5;255;48;5;232m [0m[38;5;247;48;5;232m0x7711…43bc[0m[38;5;255;48;5;232m [0m[38;5;255;48;5;232m AUREUS     [0m[38;5;255;48;5;232m [0m[38;5;203;48;5;232m→[0m[38;5;255;48;5;232m [0m[38;5;255;48;5;232m TGCOINS    [0m[38;5;255;48;5;232m [0m[38;5;247;48;5;232m5m38s[0m[38;5;255;48;5;232m  [0m[38;5;255;48;5;232m clean  [0m[19;71H[38;5;255;48;5;16m  [0m[19;73H
[20;1H[38;5;255;48;5;232m [0m[38;5;203;48;5;232m▌[0m[38;5;255;48;5;232m [0m[38;5;255;48;5;232m [0m[38;5;247;48;5;232m17:26:41≈[0m[38;5;255;48;5;232m [0m[38;5;255;48;5;232m [0m[38;5;247;48;5;232m0x0ade…71f3[0m[38;5;255;48;5;232m [0m[38;5;255;48;5;232m Sweater    [0m[38;5;255;48;5;232m [0m[38;5;203;48;5;232m→[0m[38;5;255;48;5;232m [0m[38;5;255;48;5;232m Hydra-0    [0m[38;5;255;48;5;232m [0m[38;5;247;48;5;232m24m49s[0m[38;5;255;48;5;232m [0m[38;5;255;48;5;232m clean  [0m[20;71H[38;5;255;48;5;16m  [0m[20;73H
[21;1H[38;5;255;48;5;232m [0m[38;5;203;48;5;232m▌[0m[38;5;255;48;5;232m [0m[38;5;255;48;5;232m [0m[38;5;247;48;5;232m17:26:41≈[0m[38;5;255;48;5;232m [0m[38;5;255;48;5;232m [0m[38;5;247;48;5;232m0xdd6e…39be[0m[38;5;255;48;5;232m [0m[38;5;255;48;5;232m STOXA      [0m[38;5;255;48;5;232m [0m[38;5;203;48;5;232m→[0m[38;5;255;48;5;232m [0m[38;5;255;48;5;232m BETA       [0m[38;5;255;48;5;232m [0m[38;5;247;48;5;232m25m05s[0m[38;5;255;48;5;232m [0m[38;5;255;48;5;232m clean  [0m[21;71H[38;5;255;48;5;16m  [0m[21;73H
[22;1H[38;5;255;48;5;232m [0m[38;5;203;48;5;232m▌[0m[38;5;255;48;5;232m [0m[38;5;255;48;5;232m [0m[38;5;247;48;5;232m17:26:41≈[0m[38;5;255;48;5;232m [0m[38;5;255;48;5;232m [0m[38;5;247;48;5;232m0x540c…ca54[0m[38;5;255;48;5;232m [0m[38;5;255;48;5;232m STOXA      [0m[38;5;255;48;5;232m [0m[38;5;203;48;5;232m→[0m[38;5;255;48;5;232m [0m[38;5;255;48;5;232m BETA       [0m[38;5;255;48;5;232m [0m[38;5;247;48;5;232m25m05s[0m[38;5;255;48;5;232m [0m[38;5;255;48;5;232m clean  [0m[22;71H[38;5;255;48;5;16m  [0m[22;73H
[23;1H[38;5;255;48;5;232m [0m[38;5;203;48;5;232m▌[0m[38;5;255;48;5;232m [0m[38;5;255;48;5;232m [0m[38;5;247;48;5;232m17:26:41≈[0m[38;5;255;48;5;232m [0m[38;5;255;48;5;232m [0m[38;5;247;48;5;232m0x507d…74c5[0m[38;5;255;48;5;232m [0m[38;5;255;48;5;232m STOXA      [0m[38;5;255;48;5;232m [0m[38;5;203;48;5;232m→[0m[38;5;255;48;5;232m [0m[38;5;255;48;5;232m BETA       [0m[38;5;255;48;5;232m [0m[38;5;247;48;5;232m25m05s[0m[38;5;255;48;5;232m [0m[38;5;255;48;5;232m clean  [0m[23;71H[38;5;255;48;5;16m  [0m[23;73H
[24;1H[38;5;255;48;5;16m ▌ [0m[38;5;255;48;5;16m 17:26:41≈ [0m[38;5;255;48;5;16m 0xedb7…1557 [0m[38;5;255;48;5;16m TruffleHog [0m[38;5;255;48;5;16m → [0m[38;5;255;48;5;16m ZenoCoin   [0m[38;5;255;48;5;16m same   [0m[38;5;255;48;5;16m direct [0m[24;71H[7;38;5;52;48;5;232m  [0m[24;73H[2;5H[9;71H[38;5;255;48;5;16m  [0m[9;73H
[10;71H[38;5;255;48;5;16m  [0m[10;73H
[11;71H[38;5;255;48;5;16m  [0m[11;73H
[12;71H[38;5;255;48;5;16m  [0m[12;73H
[13;71H[38;5;255;48;5;16m  [0m[13;73H
[14;71H[38;5;255;48;5;16m  [0m[14;73H
[15;71H[38;5;255;48;5;16m  [0m[15;73H
[16;71H[38;5;255;48;5;16m  [0m[16;73H
[17;71H[38;5;255;48;5;16m  [0m[17;73H
[18;71H[38;5;255;48;5;16m  [0m[18;73H
[19;71H[38;5;255;48;5;16m  [0m[19;73H
[20;71H[38;5;255;48;5;16m  [0m[20;73H
[21;71H[38;5;255;48;5;16m  [0m[21;73H
[22;71H[38;5;255;48;5;16m  [0m[22;73H
[23;71H[38;5;255;48;5;16m  [0m[23;73H
[24;71H[7;38;5;52;48;5;232m  [0m[24;73H[2;5H[6;1H[48;5;16m [0m[38;5;255;48;5;16mCHAIN Robinhood Chain[0m[38;5;52;48;5;16m  ·  [0m[38;5;255;48;5;16m[REPLAY 10× · PAUSED][0m[38;5;52;48;5;16m  ·  [0m[38;5;255;48;5;16mCLOCK 17:26:41 UTC[0m[38;5;52;48;5;16m  ·  [0m[38;5;247;48;5;16mRANGE 16:56:41–17:26:41[0m[38;5;52;48;5;16m  ·  [0m[38;5;247;48;5;16mWINDOW 30m00s[0m[48;5;16m  [0m[48;5;16m [0m[2;5H[6;1H[48;5;16m [0m[38;5;255;48;5;16mCHAIN Robinhood Chain[0m[38;5;52;48;5;16m  ·  [0m[38;5;255;48;5;16m[REPLAY 10× · PAUSED][0m[38;5;52;48;5;16m  ·  [0m[38;5;255;48;5;16mCLOCK 17:26:41 UTC[0m[38;5;52;48;5;16m  ·  [0m[38;5;247;48;5;16mRANGE 16:56:41–17:26:41[0m[38;5;52;48;5;16m  ·  [0m[38;5;247;48;5;16mWINDOW 30m00s[0m[48;5;16m  [0m[48;5;16m [0m
[8;1H[48;5;16m [0m[38;5;247;48;5;16mOBSERVED SEQUENCES · last 30m00s · 6311 of 6311 rows · one row = one[0m[48;5;16m  [0m[48;5;16m [0m[8;73H
[8;75H[1;38;5;255;48;5;16mTruffleHog → ZenoCoin[0m[48;5;16m                        [0m[8;120H
[9;1H[38;5;247;48;5;232m   [0m[38;5;247;48;5;232m TIME UTC  [0m[38;5;247;48;5;232m WALLET      [0m[38;5;247;48;5;232m SOLD       [0m[38;5;247;48;5;232m   [0m[38;5;247;48;5;232m BOUGHT     [0m[38;5;247;48;5;232m GAP    [0m[38;5;247;48;5;232m GRADE  [0m[9;71H[38;5;255;48;5;16m  [0m[9;73H
[9;75H[38;5;247;48;5;16m0x045b…bd82 → 0x4e63…27ff[0m[48;5;16m                    [0m[9;120H
[10;1H[38;5;255;48;5;232m   [0m[38;5;255;48;5;232m [0m[38;5;247;48;5;232m17:26:36≈[0m[38;5;255;48;5;232m [0m[38;5;255;48;5;232m [0m[38;5;247;48;5;232m0xd310…0632[0m[38;5;255;48;5;232m [0m[38;5;255;48;5;232m Lemon      [0m[38;5;255;48;5;232m [0m[38;5;247;48;5;232m→[0m[38;5;255;48;5;232m [0m[38;5;255;48;5;232m LUNAR      [0m[38;5;255;48;5;232m [0m[38;5;247;48;5;232m16m06s[0m[38;5;255;48;5;232m [0m[38;5;255;48;5;232m clean  [0m[10;71H[38;5;255;48;5;16m  [0m[10;73H
[10;75H[38;5;255;48;5;16m[0m[48;5;16m                                             [0m[10;120H
[11;1H[38;5;255;48;5;232m   [0m[38;5;255;48;5;232m [0m[38;5;247;48;5;232m17:26:36≈[0m[38;5;255;48;5;232m [0m[38;5;255;48;5;232m [0m[38;5;247;48;5;232m0xfe93…7166[0m[38;5;255;48;5;232m [0m[38;5;255;48;5;232m Yo-yo      [0m[38;5;255;48;5;232m [0m[38;5;247;48;5;232m→[0m[38;5;255;48;5;232m [0m[38;5;255;48;5;232m INFERNET   [0m[38;5;255;48;5;232m [0m[38;5;247;48;5;232m13m22s[0m[38;5;255;48;5;232m [0m[38;5;255;48;5;232m clean  [0m[11;71H[38;5;255;48;5;16m  [0m[11;73H
[11;75H[38;5;255;48;5;16mwallet 0xedb7…1557[0m[48;5;16m                           [0m[11;120H
[12;1H[38;5;255;48;5;232m   [0m[38;5;255;48;5;232m [0m[38;5;247;48;5;232m17:26:36≈[0m[38;5;255;48;5;232m [0m[38;5;255;48;5;232m [0m[38;5;247;48;5;232m0xd827…2a37[0m[38;5;255;48;5;232m [0m[38;5;255;48;5;232m PONTRADES  [0m[38;5;255;48;5;232m [0m[38;5;247;48;5;232m→[0m[38;5;255;48;5;232m [0m[38;5;255;48;5;232m COPE       [0m[38;5;255;48;5;232m [0m[38;5;247;48;5;232m18m41s[0m[38;5;255;48;5;232m [0m[38;5;255;48;5;232m clean  [0m[12;71H[38;5;255;48;5;16m  [0m[12;73H
[12;75H[38;5;247;48;5;16msold   17:26:41 UTC[0m[48;5;16m                          [0m[12;120H
[13;1H[38;5;255;48;5;232m   [0m[38;5;255;48;5;232m [0m[38;5;247;48;5;232m17:26:38≈[0m[38;5;255;48;5;232m [0m[38;5;255;48;5;232m [0m[38;5;247;48;5;232m0x3ced…9cd7[0m[38;5;255;48;5;232m [0m[38;5;255;48;5;232m TruffleHog [0m[38;5;255;48;5;232m [0m[38;5;247;48;5;232m→[0m[38;5;255;48;5;232m [0m[38;5;255;48;5;232m MINER      [0m[38;5;255;48;5;232m [0m[38;5;247;48;5;232m7m26s[0m[38;5;255;48;5;232m  [0m[38;5;255;48;5;232m clean  [0m[13;71H[38;5;255;48;5;16m  [0m[13;73H
[13;75H[38;5;247;48;5;16mbought 17:26:41≈ UTC · gap 0s · direct[0m[48;5;16m       [0m[13;120H
[14;1H[38;5;255;48;5;232m   [0m[38;5;255;48;5;232m [0m[38;5;247;48;5;232m17:26:38≈[0m[38;5;255;48;5;232m [0m[38;5;255;48;5;232m [0m[38;5;247;48;5;232m0xa3d4…5a96[0m[38;5;255;48;5;232m [0m[38;5;255;48;5;232m DOME       [0m[38;5;255;48;5;232m [0m[38;5;247;48;5;232m→[0m[38;5;255;48;5;232m [0m[38;5;255;48;5;232m SAGA       [0m[38;5;255;48;5;232m [0m[38;5;247;48;5;232m10m25s[0m[38;5;255;48;5;232m [0m[38;5;255;48;5;232m clean  [0m[14;71H[38;5;255;48;5;16m  [0m[14;73H
[14;75H[38;5;247;48;5;16msell tx 0xf3df…686e[0m[48;5;16m                          [0m[14;120H
[15;1H[38;5;255;48;5;232m   [0m[38;5;255;48;5;232m [0m[38;5;247;48;5;232m17:26:40≈[0m[38;5;255;48;5;232m [0m[38;5;255;48;5;232m [0m[38;5;247;48;5;232m0x7084…859a[0m[38;5;255;48;5;232m [0m[38;5;255;48;5;232m TruffleHog [0m[38;5;255;48;5;232m [0m[38;5;247;48;5;232m→[0m[38;5;255;48;5;232m [0m[38;5;255;48;5;232m FLY        [0m[38;5;255;48;5;232m [0m[38;5;247;48;5;232m4m12s[0m[38;5;255;48;5;232m  [0m[38;5;255;48;5;232m clean  [0m[15;71H[38;5;255;48;5;16m  [0m[15;73H
[15;75H[38;5;247;48;5;16mbuy tx  0xf3df…686e[0m[48;5;16m                          [0m[15;120H
[16;1H[38;5;255;48;5;232m   [0m[38;5;255;48;5;232m [0m[38;5;247;48;5;232m17:26:40≈[0m[38;5;255;48;5;232m [0m[38;5;255;48;5;232m [0m[38;5;247;48;5;232m0xb1a4…7d58[0m[38;5;255;48;5;232m [0m[38;5;255;48;5;232m STOXA      [0m[38;5;255;48;5;232m [0m[38;5;247;48;5;232m→[0m[38;5;255;48;5;232m [0m[38;5;255;48;5;232m BETA       [0m[38;5;255;48;5;232m [0m[38;5;247;48;5;232m25m04s[0m[38;5;255;48;5;232m [0m[38;5;255;48;5;232m clean  [0m[16;71H[38;5;255;48;5;16m  [0m[16;73H
[16;75H[38;5;255;48;5;16m[0m[48;5;16m                                             [0m[16;120H
[17;1H[38;5;255;48;5;232m   [0m[38;5;255;48;5;232m [0m[38;5;247;48;5;232m17:26:40≈[0m[38;5;255;48;5;232m [0m[38;5;255;48;5;232m [0m[38;5;247;48;5;232m0xd24a…a1fb[0m[38;5;255;48;5;232m [0m[38;5;255;48;5;232m STOXA      [0m[38;5;255;48;5;232m [0m[38;5;247;48;5;232m→[0m[38;5;255;48;5;232m [0m[38;5;255;48;5;232m BETA       [0m[38;5;255;48;5;232m [0m[38;5;247;48;5;232m25m04s[0m[38;5;255;48;5;232m [0m[38;5;255;48;5;232m clean  [0m[17;71H[38;5;255;48;5;16m  [0m[17;73H
[17;75H[38;5;242;48;5;16mEnter: all wallets on this pair[0m[48;5;16m              [0m[17;120H
[18;1H[38;5;255;48;5;232m   [0m[38;5;255;48;5;232m [0m[38;5;247;48;5;232m17:26:40≈[0m[38;5;255;48;5;232m [0m[38;5;255;48;5;232m [0m[38;5;247;48;5;232m0xc64b…11d6[0m[38;5;255;48;5;232m [0m[38;5;255;48;5;232m OPEN YIELD [0m[38;5;255;48;5;232m [0m[38;5;247;48;5;232m→[0m[38;5;255;48;5;232m [0m[38;5;255;48;5;232m TGCOINS    [0m[38;5;255;48;5;232m [0m[38;5;247;48;5;232m7m16s[0m[38;5;255;48;5;232m  [0m[38;5;255;48;5;232m clean  [0m[18;71H[38;5;255;48;5;16m  [0m[18;73H
[19;1H[38;5;255;48;5;232m   [0m[38;5;255;48;5;232m [0m[38;5;247;48;5;232m17:26:40≈[0m[38;5;255;48;5;232m [0m[38;5;255;48;5;232m [0m[38;5;247;48;5;232m0x7711…43bc[0m[38;5;255;48;5;232m [0m[38;5;255;48;5;232m AUREUS     [0m[38;5;255;48;5;232m [0m[38;5;247;48;5;232m→[0m[38;5;255;48;5;232m [0m[38;5;255;48;5;232m TGCOINS    [0m[38;5;255;48;5;232m [0m[38;5;247;48;5;232m5m38s[0m[38;5;255;48;5;232m  [0m[38;5;255;48;5;232m clean  [0m[19;71H[38;5;255;48;5;16m  [0m[19;73H
[20;1H[38;5;255;48;5;232m   [0m[38;5;255;48;5;232m [0m[38;5;247;48;5;232m17:26:41≈[0m[38;5;255;48;5;232m [0m[38;5;255;48;5;232m [0m[38;5;247;48;5;232m0x0ade…71f3[0m[38;5;255;48;5;232m [0m[38;5;255;48;5;232m Sweater    [0m[38;5;255;48;5;232m [0m[38;5;247;48;5;232m→[0m[38;5;255;48;5;232m [0m[38;5;255;48;5;232m Hydra-0    [0m[38;5;255;48;5;232m [0m[38;5;247;48;5;232m24m49s[0m[38;5;255;48;5;232m [0m[38;5;255;48;5;232m clean  [0m[20;71H[38;5;255;48;5;16m  [0m[20;73H
[21;1H[38;5;255;48;5;232m   [0m[38;5;255;48;5;232m [0m[38;5;247;48;5;232m17:26:41≈[0m[38;5;255;48;5;232m [0m[38;5;255;48;5;232m [0m[38;5;247;48;5;232m0xdd6e…39be[0m[38;5;255;48;5;232m [0m[38;5;255;48;5;232m STOXA      [0m[38;5;255;48;5;232m [0m[38;5;247;48;5;232m→[0m[38;5;255;48;5;232m [0m[38;5;255;48;5;232m BETA       [0m[38;5;255;48;5;232m [0m[38;5;247;48;5;232m25m05s[0m[38;5;255;48;5;232m [0m[38;5;255;48;5;232m clean  [0m[21;71H[38;5;255;48;5;16m  [0m[21;73H
[22;1H[38;5;255;48;5;232m   [0m[38;5;255;48;5;232m [0m[38;5;247;48;5;232m17:26:41≈[0m[38;5;255;48;5;232m [0m[38;5;255;48;5;232m [0m[38;5;247;48;5;232m0x540c…ca54[0m[38;5;255;48;5;232m [0m[38;5;255;48;5;232m STOXA      [0m[38;5;255;48;5;232m [0m[38;5;247;48;5;232m→[0m[38;5;255;48;5;232m [0m[38;5;255;48;5;232m BETA       [0m[38;5;255;48;5;232m [0m[38;5;247;48;5;232m25m05s[0m[38;5;255;48;5;232m [0m[38;5;255;48;5;232m clean  [0m[22;71H[38;5;255;48;5;16m  [0m[22;73H
[23;1H[38;5;255;48;5;232m   [0m[38;5;255;48;5;232m [0m[38;5;247;48;5;232m17:26:41≈[0m[38;5;255;48;5;232m [0m[38;5;255;48;5;232m [0m[38;5;247;48;5;232m0x507d…74c5[0m[38;5;255;48;5;232m [0m[38;5;255;48;5;232m STOXA      [0m[38;5;255;48;5;232m [0m[38;5;247;48;5;232m→[0m[38;5;255;48;5;232m [0m[38;5;255;48;5;232m BETA       [0m[38;5;255;48;5;232m [0m[38;5;247;48;5;232m25m05s[0m[38;5;255;48;5;232m [0m[38;5;255;48;5;232m clean  [0m[23;71H[38;5;255;48;5;16m  [0m[23;73H
[24;1H[38;5;255;48;5;16m   [0m[38;5;255;48;5;16m 17:26:41≈ [0m[38;5;255;48;5;16m 0xedb7…1557 [0m[38;5;255;48;5;16m TruffleHog [0m[38;5;255;48;5;16m → [0m[38;5;255;48;5;16m ZenoCoin   [0m[38;5;255;48;5;16m same   [0m[38;5;255;48;5;16m direct [0m[24;71H[7;38;5;52;48;5;232m  [0m[24;73H
[26;75H[38;5;247;48;5;16mACTIVITY · sequences per 60s bucket · 30[0m[48;5;16m     [0m[26;120H
[27;75H[38;5;247;48;5;16mbuckets[0m[48;5;16m                                      [0m[27;120H
[31;75H[38;5;247;48;5;16m16:56:41 → 17:26:41 UTC · peak 303/bucket ·[0m[48;5;16m  [0m[31;120H
[32;75H[38;5;247;48;5;16mtotal 6306[0m[48;5;16m                                   [0m[32;120H[2;5H[9;71H[38;5;255;48;5;16m  [0m[9;73H
[10;71H[38;5;255;48;5;16m  [0m[10;73H
[11;71H[38;5;255;48;5;16m  [0m[11;73H
[12;71H[38;5;255;48;5;16m  [0m[12;73H
[13;71H[38;5;255;48;5;16m  [0m[13;73H
[14;71H[38;5;255;48;5;16m  [0m[14;73H
[15;71H[38;5;255;48;5;16m  [0m[15;73H
[16;71H[38;5;255;48;5;16m  [0m[16;73H
[17;71H[38;5;255;48;5;16m  [0m[17;73H
[18;71H[38;5;255;48;5;16m  [0m[18;73H
[19;71H[38;5;255;48;5;16m  [0m[19;73H
[20;71H[38;5;255;48;5;16m  [0m[20;73H
[21;71H[38;5;255;48;5;16m  [0m[21;73H
[22;71H[38;5;255;48;5;16m  [0m[22;73H
[23;71H[38;5;255;48;5;16m  [0m[23;73H
[24;71H[7;38;5;52;48;5;232m  [0m[24;73H[2;5H[6;1H[48;5;16m [0m[38;5;255;48;5;16mCHAIN Robinhood Chain[0m[38;5;52;48;5;16m  ·  [0m[38;5;255;48;5;16m[REPLAY 10× · PAUSED][0m[38;5;52;48;5;16m  ·  [0m[38;5;255;48;5;16mCLOCK 17:26:41 UTC[0m[38;5;52;48;5;16m  ·  [0m[38;5;247;48;5;16mRANGE 16:56:41–17:26:41[0m[38;5;52;48;5;16m  ·  [0m[38;5;247;48;5;16mWINDOW 30m00s[0m[48;5;16m  [0m[48;5;16m [0m[2;5H[9;71H[38;5;255;48;5;16m  [0m[9;73H
[10;71H[38;5;255;48;5;16m  [0m[10;73H
[11;71H[38;5;255;48;5;16m  [0m[11;73H
[12;71H[38;5;255;48;5;16m  [0m[12;73H
[13;71H[38;5;255;48;5;16m  [0m[13;73H
[14;71H[38;5;255;48;5;16m  [0m[14;73H
[15;71H[38;5;255;48;5;16m  [0m[15;73H
[16;71H[38;5;255;48;5;16m  [0m[16;73H
[17;71H[38;5;255;48;5;16m  [0m[17;73H
[18;71H[38;5;255;48;5;16m  [0m[18;73H
[19;71H[38;5;255;48;5;16m  [0m[19;73H
[20;71H[38;5;255;48;5;16m  [0m[20;73H
[21;71H[38;5;255;48;5;16m  [0m[21;73H
[22;71H[38;5;255;48;5;16m  [0m[22;73H
[23;71H[38;5;255;48;5;16m  [0m[23;73H
[24;71H[7;38;5;52;48;5;232m  [0m[24;73H[2;5H[6;1H[48;5;16m [0m[38;5;255;48;5;16mCHAIN Robinhood Chain[0m[38;5;52;48;5;16m  ·  [0m[38;5;255;48;5;16m[REPLAY 10× · PAUSED][0m[38;5;52;48;5;16m  ·  [0m[38;5;255;48;5;16mCLOCK 17:26:41 UTC[0m[38;5;52;48;5;16m  ·  [0m[38;5;247;48;5;16mRANGE 16:56:41–17:26:41[0m[38;5;52;48;5;16m  ·  [0m[38;5;247;48;5;16mWINDOW 30m00s[0m[48;5;16m  [0m[48;5;16m [0m
[8;1H[48;5;16m [0m[38;5;247;48;5;16mOBSERVED SEQUENCES · last 30m00s · 6311 of 6311 rows · one row = one[0m[48;5;16m  [0m[48;5;16m [0m[8;73H
[8;75H[1;38;5;255;48;5;16mTruffleHog → ZenoCoin[0m[48;5;16m                        [0m[8;120H
[9;75H[38;5;247;48;5;16m0x045b…bd82 → 0x4e63…27ff[0m[48;5;16m                    [0m[9;120H
[10;75H[38;5;255;48;5;16m[0m[48;5;16m                                             [0m[10;120H
[11;75H[38;5;255;48;5;16mwallet 0xedb7…1557[0m[48;5;16m                           [0m[11;120H
[12;75H[38;5;247;48;5;16msold   17:26:41 UTC[0m[48;5;16m                          [0m[12;120H
[13;75H[38;5;247;48;5;16mbought 17:26:41≈ UTC · gap 0s · direct[0m[48;5;16m       [0m[13;120H
[14;75H[38;5;247;48;5;16msell tx 0xf3df…686e[0m[48;5;16m                          [0m[14;120H
[15;75H[38;5;247;48;5;16mbuy tx  0xf3df…686e[0m[48;5;16m                          [0m[15;120H
[16;75H[38;5;255;48;5;16m[0m[48;5;16m                                             [0m[16;120H
[17;75H[38;5;242;48;5;16mEnter: all wallets on this pair[0m[48;5;16m              [0m[17;120H
[26;1H[48;5;16m [0m[38;5;247;48;5;16mHOT ROTATIONS · distinct wallets, last 30m00s[0m[48;5;16m                         [0m[48;5;16m [0m[26;73H
[26;75H[38;5;247;48;5;16mACTIVITY · sequences per 60s bucket · 30[0m[48;5;16m     [0m[26;120H
[27;1H[48;5;16m [0m[1;38;5;255;48;5;16m  54 [0m[38;5;255;48;5;16mPiecoin      → TruffleHog  [0m[38;5;247;48;5;16m  883 seq[0m[48;5;16m                             [0m[48;5;16m [0m[27;73H
[27;75H[38;5;247;48;5;16mbuckets[0m[48;5;16m                                      [0m[27;120H
[28;1H[48;5;16m [0m[1;38;5;255;48;5;16m  37 [0m[38;5;255;48;5;16mPUCHATO      → STEPPER     [0m[38;5;247;48;5;16m  37 seq[0m[48;5;16m                              [0m[48;5;16m [0m[28;73H
[29;1H[48;5;16m [0m[1;38;5;255;48;5;16m  29 [0m[38;5;255;48;5;16megregore     → credit      [0m[38;5;247;48;5;16m  176 seq[0m[48;5;16m                             [0m[48;5;16m [0m[29;73H
[30;1H[48;5;16m [0m[1;38;5;255;48;5;16m  28 [0m[38;5;255;48;5;16mAUTON        → egregore    [0m[38;5;247;48;5;16m  289 seq[0m[48;5;16m                             [0m[48;5;16m [0m[30;73H
[31;1H[48;5;16m [0m[1;38;5;255;48;5;16m  25 [0m[38;5;255;48;5;16mRACE         → OPEN YIELD  [0m[38;5;247;48;5;16m  53 seq[0m[48;5;16m                              [0m[48;5;16m [0m[31;73H
[31;75H[38;5;247;48;5;16m16:56:41 → 17:26:41 UTC · peak 303/bucket ·[0m[48;5;16m  [0m[31;120H
[32;1H[48;5;16m [0m[1;38;5;255;48;5;16m  23 [0m[38;5;255;48;5;16mEDEN         → egregore    [0m[38;5;247;48;5;16m  230 seq[0m[48;5;16m                             [0m[48;5;16m [0m[32;73H
[32;75H[38;5;247;48;5;16mtotal 6306[0m[48;5;16m                                   [0m[32;120H
[33;1H[48;5;16m [0m[1;38;5;255;48;5;16m  23 [0m[38;5;255;48;5;16mRBNHD        → egregore    [0m[38;5;247;48;5;16m  260 seq[0m[48;5;16m                             [0m[48;5;16m [0m[33;73H
[34;1H[48;5;16m [0m[38;5;242;48;5;16mΔ measured over 3s between refreshes[0m[48;5;16m                                  [0m[48;5;16m [0m[34;73H[2;5H[9;71H[38;5;255;48;5;16m  [0m[9;73H
[10;71H[38;5;255;48;5;16m  [0m[10;73H
[11;71H[38;5;255;48;5;16m  [0m[11;73H
[12;71H[38;5;255;48;5;16m  [0m[12;73H
[13;71H[38;5;255;48;5;16m  [0m[13;73H
[14;71H[38;5;255;48;5;16m  [0m[14;73H
[15;71H[38;5;255;48;5;16m  [0m[15;73H
[16;71H[38;5;255;48;5;16m  [0m[16;73H
[17;71H[38;5;255;48;5;16m  [0m[17;73H
[18;71H[38;5;255;48;5;16m  [0m[18;73H
[19;71H[38;5;255;48;5;16m  [0m[19;73H
[20;71H[38;5;255;48;5;16m  [0m[20;73H
[21;71H[38;5;255;48;5;16m  [0m[21;73H
[22;71H[38;5;255;48;5;16m  [0m[22;73H
[23;71H[38;5;255;48;5;16m  [0m[23;73H
[24;71H[7;38;5;52;48;5;232m  [0m[24;73H
[26;1H[48;5;16m [0m[38;5;247;48;5;16mHOT ROTATIONS · distinct wallets, last 30m00s[0m[48;5;16m                         [0m[48;5;16m [0m[26;73H
[27;1H[48;5;16m [0m[1;38;5;255;48;5;16m  54 [0m[38;5;255;48;5;16mPiecoin      → TruffleHog  [0m[38;5;247;48;5;16m  883 seq[0m[48;5;16m                             [0m[48;5;16m [0m[27;73H
[28;1H[48;5;16m [0m[1;38;5;255;48;5;16m  37 [0m[38;5;255;48;5;16mPUCHATO      → STEPPER     [0m[38;5;247;48;5;16m  37 seq[0m[48;5;16m                              [0m[48;5;16m [0m[28;73H
[29;1H[48;5;16m [0m[1;38;5;255;48;5;16m  29 [0m[38;5;255;48;5;16megregore     → credit      [0m[38;5;247;48;5;16m  176 seq[0m[48;5;16m                             [0m[48;5;16m [0m[29;73H
[30;1H[48;5;16m [0m[1;38;5;255;48;5;16m  28 [0m[38;5;255;48;5;16mAUTON        → egregore    [0m[38;5;247;48;5;16m  289 seq[0m[48;5;16m                             [0m[48;5;16m [0m[30;73H
[31;1H[48;5;16m [0m[1;38;5;255;48;5;16m  25 [0m[38;5;255;48;5;16mRACE         → OPEN YIELD  [0m[38;5;247;48;5;16m  53 seq[0m[48;5;16m                              [0m[48;5;16m [0m[31;73H
[32;1H[48;5;16m [0m[1;38;5;255;48;5;16m  23 [0m[38;5;255;48;5;16mEDEN         → egregore    [0m[38;5;247;48;5;16m  230 seq[0m[48;5;16m                             [0m[48;5;16m [0m[32;73H
[33;1H[48;5;16m [0m[1;38;5;255;48;5;16m  23 [0m[38;5;255;48;5;16mRBNHD        → egregore    [0m[38;5;247;48;5;16m  260 seq[0m[48;5;16m                             [0m[48;5;16m [0m[33;73H
[34;1H[48;5;16m [0m[38;5;242;48;5;16mΔ measured over 3s between refreshes[0m[48;5;16m                                  [0m[48;5;16m [0m[34;73H[2;5H[9;71H[38;5;255;48;5;16m  [0m[9;73H
[10;71H[38;5;255;48;5;16m  [0m[10;73H
[11;71H[38;5;255;48;5;16m  [0m[11;73H
[12;71H[38;5;255;48;5;16m  [0m[12;73H
[13;71H[38;5;255;48;5;16m  [0m[13;73H
[14;71H[38;5;255;48;5;16m  [0m[14;73H
[15;71H[38;5;255;48;5;16m  [0m[15;73H
[16;71H[38;5;255;48;5;16m  [0m[16;73H
[17;71H[38;5;255;48;5;16m  [0m[17;73H
[18;71H[38;5;255;48;5;16m  [0m[18;73H
[19;71H[38;5;255;48;5;16m  [0m[19;73H
[20;71H[38;5;255;48;5;16m  [0m[20;73H
[21;71H[38;5;255;48;5;16m  [0m[21;73H
[22;71H[38;5;255;48;5;16m  [0m[22;73H
[23;71H[38;5;255;48;5;16m  [0m[23;73H
[24;71H[7;38;5;52;48;5;232m  [0m[24;73H[2;5H[?2004l[?7h[?1000l[?1003l[?1015l[?1006l[<u[?1049l[?25h[?1004l[?1000l[?1003l[?1015l[?1006l